<html>
<body>
<pre>
<h1>µVision Build Log</h1>
<h2>Tool Versions:</h2>
IDE-Version: £gVision V5.26.2.0
Copyright (C) 2018 ARM Ltd and ARM Germany GmbH. All rights reserved.
License Information: WT WT WT Flex license: MDK-ARM Professional: 4 user(s) (mdk_pro) Support: May 2021
 
Tool Versions:
Toolchain:       MDK-ARM Professional: 4 user(s)  Version: 5.26.2.0
Toolchain Path:  C:\Keil_v5\ARM\ARMCLANG\Bin
C Compiler:      ArmClang.exe V6.10.1
Assembler:       Armasm.exe V6.10.1
Linker/Locator:  ArmLink.exe V6.10.1
Library Manager: ArmAr.exe V6.10.1
Hex Converter:   FromElf.exe V6.10.1
CPU DLL:         SARMCM3.DLL V5.26.2.0
Dialog DLL:      DARMCM1.DLL V1.19.1.0
Target DLL:      NULink\Nu_Link.dll V3.07
Dialog DLL:      TARMCM1.DLL V1.14.0.0
 
<h2>Project:</h2>
D:\SourceCode\_Avery_NUC1262\NUC1262BSP_LLSI_RGBLED\SampleCode\Template\Keil\Template.uvprojx
Project File Date:  11/09/2021

<h2>Output:</h2>
*** Using Compiler 'V6.10.1', folder: 'C:\Keil_v5\ARM\ARMCLANG\Bin'
Build target 'Template'
creating preprocessor file for system_NUC1262.c...
creating preprocessor file for main.c...
creating preprocessor file for led_effect.c...
creating list file for led_effect.c...
creating preprocessor file for retarget.c...
compiling led_effect.c...
creating preprocessor file for uart.c...
creating preprocessor file for sys.c...
creating preprocessor file for clk.c...
creating preprocessor file for gpio.c...
creating preprocessor file for timer.c...
creating preprocessor file for pdma.c...
creating preprocessor file for llsi.c...
linking...
Program Size: Code=14748 RO-data=2932 RW-data=20 ZI-data=1208  
FromELF: creating hex file...
After Build - User command #1: fromelf --bin ".\obj\template.axf" --output ".\obj\template.bin"
After Build - User command #2: fromelf --text -c ".\obj\template.axf" --output ".\obj\template.txt"
".\obj\template.axf" - 0 Error(s), 0 Warning(s).

<h2>Software Packages used:</h2>

Package Vendor: Nuvoton
                https://www.nuvoton.com/enu/Documents/KEILSoftwarePack/Nuvoton.NuMicro_DFP.1.3.12.pack
                Nuvoton.NuMicro_DFP.1.3.12
                Nuvoton ARM Cortex-M NuMicro Family Device Support

<h2>Collection of Component include folders:</h2>
  .\RTE\_Template
  C:\Keil_v5\ARM\PACK\Nuvoton\NuMicro_DFP\1.3.12\Device\NUC1262\Include

<h2>Collection of Component Files used:</h2>
Build Time Elapsed:  00:00:07
</pre>
</body>
</html>
