	.text
	.syntax unified
	.eabi_attribute	67, "2.09"	@ Tag_conformance
	.cpu	cortex-m23
	.eabi_attribute	6, 16	@ Tag_CPU_arch
	.eabi_attribute	7, 77	@ Tag_CPU_arch_profile
	.eabi_attribute	8, 0	@ Tag_ARM_ISA_use
	.eabi_attribute	9, 3	@ Tag_THUMB_ISA_use
	.eabi_attribute	34, 0	@ Tag_CPU_unaligned_access
	.eabi_attribute	17, 1	@ Tag_ABI_PCS_GOT_use
	.eabi_attribute	20, 2	@ Tag_ABI_FP_denormal
	.eabi_attribute	21, 0	@ Tag_ABI_FP_exceptions
	.eabi_attribute	23, 1	@ Tag_ABI_FP_number_model
	.eabi_attribute	24, 1	@ Tag_ABI_align_needed
	.eabi_attribute	25, 1	@ Tag_ABI_align_preserved
	.eabi_attribute	38, 1	@ Tag_ABI_FP_16bit_format
	.eabi_attribute	18, 2	@ Tag_ABI_PCS_wchar_t
	.eabi_attribute	26, 1	@ Tag_ABI_enum_size
	.eabi_attribute	14, 0	@ Tag_ABI_PCS_R9_use
	.file	"sys.c"
	.file	1 "C:\\Keil_v5\\ARM\\ARMCLANG\\Bin\\..\\include" "stdint.h"
	.file	2 "../../../Library/Device/Nuvoton/NUC1262/Include" "NUC1262.h"
	.section	.text.SYS_ClearResetSrc,"ax",%progbits
	.hidden	SYS_ClearResetSrc       @ -- Begin function SYS_ClearResetSrc
	.globl	SYS_ClearResetSrc
	.p2align	2
	.type	SYS_ClearResetSrc,%function
	.code	16                      @ @SYS_ClearResetSrc
	.thumb_func
SYS_ClearResetSrc:
.Lfunc_begin0:
	.file	3 "../../../Library/StdDriver/src" "sys.c"
	.loc	3 37 0                  @ ../../../Library/StdDriver/src/sys.c:37:0
	.fnstart
	.cfi_sections .debug_frame
	.cfi_startproc
@ %bb.0:
	.pad	#8
	sub	sp, #8
	.cfi_def_cfa_offset 8
	mov	r1, r0
	str	r0, [sp, #4]
.Ltmp0:
	.loc	3 38 19 prologue_end    @ ../../../Library/StdDriver/src/sys.c:38:19
	ldr	r0, [sp, #4]
	.loc	3 38 17 is_stmt 0       @ ../../../Library/StdDriver/src/sys.c:38:17
	ldr	r2, __arm_cp.0_0
	str	r0, [r2]
	.loc	3 39 1 is_stmt 1        @ ../../../Library/StdDriver/src/sys.c:39:1
	str	r1, [sp]                @ 4-byte Spill
	add	sp, #8
	bx	lr
.Ltmp1:
	.p2align	2
@ %bb.1:
	.loc	3 0 1 is_stmt 0         @ ../../../Library/StdDriver/src/sys.c:0:1
__arm_cp.0_0:
	.long	1342177284              @ 0x50000004
.Lcpi_end0:
	.size	__arm_cp.0_0, .Lcpi_end0-__arm_cp.0_0
.Lfunc_end0:
	.size	SYS_ClearResetSrc, .Lfunc_end0-SYS_ClearResetSrc
	.cfi_endproc
	.cantunwind
	.fnend
                                        @ -- End function
	.section	.text.SYS_GetBODStatus,"ax",%progbits
	.hidden	SYS_GetBODStatus        @ -- Begin function SYS_GetBODStatus
	.globl	SYS_GetBODStatus
	.p2align	2
	.type	SYS_GetBODStatus,%function
	.code	16                      @ @SYS_GetBODStatus
	.thumb_func
SYS_GetBODStatus:
.Lfunc_begin1:
	.loc	3 49 0 is_stmt 1        @ ../../../Library/StdDriver/src/sys.c:49:0
	.fnstart
	.cfi_startproc
@ %bb.0:
	.loc	3 50 19 prologue_end    @ ../../../Library/StdDriver/src/sys.c:50:19
	ldr	r0, __arm_cp.1_0
	ldr	r0, [r0]
	.loc	3 50 26 is_stmt 0       @ ../../../Library/StdDriver/src/sys.c:50:26
	movs	r1, #64
	ands	r0, r1
	.loc	3 50 51                 @ ../../../Library/StdDriver/src/sys.c:50:51
	lsrs	r0, r0, #6
	.loc	3 50 5                  @ ../../../Library/StdDriver/src/sys.c:50:5
	bx	lr
.Ltmp2:
	.p2align	2
@ %bb.1:
	.loc	3 0 5                   @ ../../../Library/StdDriver/src/sys.c:0:5
__arm_cp.1_0:
	.long	1342177304              @ 0x50000018
.Lcpi_end1:
	.size	__arm_cp.1_0, .Lcpi_end1-__arm_cp.1_0
.Lfunc_end1:
	.size	SYS_GetBODStatus, .Lfunc_end1-SYS_GetBODStatus
	.cfi_endproc
	.cantunwind
	.fnend
                                        @ -- End function
	.section	.text.SYS_GetResetSrc,"ax",%progbits
	.hidden	SYS_GetResetSrc         @ -- Begin function SYS_GetResetSrc
	.globl	SYS_GetResetSrc
	.p2align	2
	.type	SYS_GetResetSrc,%function
	.code	16                      @ @SYS_GetResetSrc
	.thumb_func
SYS_GetResetSrc:
.Lfunc_begin2:
	.loc	3 60 0 is_stmt 1        @ ../../../Library/StdDriver/src/sys.c:60:0
	.fnstart
	.cfi_startproc
@ %bb.0:
	.loc	3 61 18 prologue_end    @ ../../../Library/StdDriver/src/sys.c:61:18
	ldr	r0, __arm_cp.2_0
	ldr	r0, [r0]
	.loc	3 61 5 is_stmt 0        @ ../../../Library/StdDriver/src/sys.c:61:5
	bx	lr
.Ltmp3:
	.p2align	2
@ %bb.1:
	.loc	3 0 5                   @ ../../../Library/StdDriver/src/sys.c:0:5
__arm_cp.2_0:
	.long	1342177284              @ 0x50000004
.Lcpi_end2:
	.size	__arm_cp.2_0, .Lcpi_end2-__arm_cp.2_0
.Lfunc_end2:
	.size	SYS_GetResetSrc, .Lfunc_end2-SYS_GetResetSrc
	.cfi_endproc
	.cantunwind
	.fnend
                                        @ -- End function
	.section	.text.SYS_IsRegLocked,"ax",%progbits
	.hidden	SYS_IsRegLocked         @ -- Begin function SYS_IsRegLocked
	.globl	SYS_IsRegLocked
	.p2align	2
	.type	SYS_IsRegLocked,%function
	.code	16                      @ @SYS_IsRegLocked
	.thumb_func
SYS_IsRegLocked:
.Lfunc_begin3:
	.loc	3 72 0 is_stmt 1        @ ../../../Library/StdDriver/src/sys.c:72:0
	.fnstart
	.cfi_startproc
@ %bb.0:
	.loc	3 73 19 prologue_end    @ ../../../Library/StdDriver/src/sys.c:73:19
	ldr	r0, __arm_cp.3_0
	ldr	r0, [r0]
	movs	r1, #1
	.loc	3 73 27 is_stmt 0       @ ../../../Library/StdDriver/src/sys.c:73:27
	ands	r0, r1
	movs	r1, #0
	.loc	3 73 12                 @ ../../../Library/StdDriver/src/sys.c:73:12
	subs	r1, r1, r0
	adcs	r0, r1
	.loc	3 73 5                  @ ../../../Library/StdDriver/src/sys.c:73:5
	bx	lr
.Ltmp4:
	.p2align	2
@ %bb.1:
	.loc	3 0 5                   @ ../../../Library/StdDriver/src/sys.c:0:5
__arm_cp.3_0:
	.long	1342177536              @ 0x50000100
.Lcpi_end3:
	.size	__arm_cp.3_0, .Lcpi_end3-__arm_cp.3_0
.Lfunc_end3:
	.size	SYS_IsRegLocked, .Lfunc_end3-SYS_IsRegLocked
	.cfi_endproc
	.cantunwind
	.fnend
                                        @ -- End function
	.section	.text.SYS_ReadPDID,"ax",%progbits
	.hidden	SYS_ReadPDID            @ -- Begin function SYS_ReadPDID
	.globl	SYS_ReadPDID
	.p2align	1
	.type	SYS_ReadPDID,%function
	.code	16                      @ @SYS_ReadPDID
	.thumb_func
SYS_ReadPDID:
.Lfunc_begin4:
	.loc	3 83 0 is_stmt 1        @ ../../../Library/StdDriver/src/sys.c:83:0
	.fnstart
	.cfi_startproc
@ %bb.0:
	.loc	3 84 17 prologue_end    @ ../../../Library/StdDriver/src/sys.c:84:17
	movs	r0, #5
	lsls	r0, r0, #28
	ldr	r0, [r0]
	.loc	3 84 5 is_stmt 0        @ ../../../Library/StdDriver/src/sys.c:84:5
	bx	lr
.Ltmp5:
.Lfunc_end4:
	.size	SYS_ReadPDID, .Lfunc_end4-SYS_ReadPDID
	.cfi_endproc
	.cantunwind
	.fnend
                                        @ -- End function
	.section	.text.SYS_ResetChip,"ax",%progbits
	.hidden	SYS_ResetChip           @ -- Begin function SYS_ResetChip
	.globl	SYS_ResetChip
	.p2align	2
	.type	SYS_ResetChip,%function
	.code	16                      @ @SYS_ResetChip
	.thumb_func
SYS_ResetChip:
.Lfunc_begin5:
	.loc	3 95 0 is_stmt 1        @ ../../../Library/StdDriver/src/sys.c:95:0
	.fnstart
	.cfi_startproc
@ %bb.0:
	.loc	3 96 17 prologue_end    @ ../../../Library/StdDriver/src/sys.c:96:17
	ldr	r0, __arm_cp.5_0
	ldr	r1, [r0]
	movs	r2, #1
	orrs	r1, r2
	str	r1, [r0]
	.loc	3 97 1                  @ ../../../Library/StdDriver/src/sys.c:97:1
	bx	lr
.Ltmp6:
	.p2align	2
@ %bb.1:
	.loc	3 0 1 is_stmt 0         @ ../../../Library/StdDriver/src/sys.c:0:1
__arm_cp.5_0:
	.long	1342177288              @ 0x50000008
.Lcpi_end4:
	.size	__arm_cp.5_0, .Lcpi_end4-__arm_cp.5_0
.Lfunc_end5:
	.size	SYS_ResetChip, .Lfunc_end5-SYS_ResetChip
	.cfi_endproc
	.cantunwind
	.fnend
                                        @ -- End function
	.section	.text.SYS_ResetCPU,"ax",%progbits
	.hidden	SYS_ResetCPU            @ -- Begin function SYS_ResetCPU
	.globl	SYS_ResetCPU
	.p2align	2
	.type	SYS_ResetCPU,%function
	.code	16                      @ @SYS_ResetCPU
	.thumb_func
SYS_ResetCPU:
.Lfunc_begin6:
	.loc	3 107 0 is_stmt 1       @ ../../../Library/StdDriver/src/sys.c:107:0
	.fnstart
	.cfi_startproc
@ %bb.0:
	.loc	3 108 17 prologue_end   @ ../../../Library/StdDriver/src/sys.c:108:17
	ldr	r0, __arm_cp.6_0
	ldr	r1, [r0]
	movs	r2, #2
	orrs	r1, r2
	str	r1, [r0]
	.loc	3 109 1                 @ ../../../Library/StdDriver/src/sys.c:109:1
	bx	lr
.Ltmp7:
	.p2align	2
@ %bb.1:
	.loc	3 0 1 is_stmt 0         @ ../../../Library/StdDriver/src/sys.c:0:1
__arm_cp.6_0:
	.long	1342177288              @ 0x50000008
.Lcpi_end5:
	.size	__arm_cp.6_0, .Lcpi_end5-__arm_cp.6_0
.Lfunc_end6:
	.size	SYS_ResetCPU, .Lfunc_end6-SYS_ResetCPU
	.cfi_endproc
	.cantunwind
	.fnend
                                        @ -- End function
	.section	.text.SYS_ResetModule,"ax",%progbits
	.hidden	SYS_ResetModule         @ -- Begin function SYS_ResetModule
	.globl	SYS_ResetModule
	.p2align	2
	.type	SYS_ResetModule,%function
	.code	16                      @ @SYS_ResetModule
	.thumb_func
SYS_ResetModule:
.Lfunc_begin7:
	.loc	3 145 0 is_stmt 1       @ ../../../Library/StdDriver/src/sys.c:145:0
	.fnstart
	.cfi_startproc
@ %bb.0:
	.save	{r4, r5, r6, lr}
	push	{r4, r5, r6, lr}
	.cfi_def_cfa_offset 16
	.cfi_offset lr, -4
	.cfi_offset r6, -8
	.cfi_offset r5, -12
	.cfi_offset r4, -16
	.pad	#8
	sub	sp, #8
	.cfi_def_cfa_offset 24
	mov	r1, r0
	str	r0, [sp, #4]
.Ltmp8:
	.loc	3 147 87 prologue_end   @ ../../../Library/StdDriver/src/sys.c:147:87
	ldr	r0, [sp, #4]
	.loc	3 147 102 is_stmt 0     @ ../../../Library/StdDriver/src/sys.c:147:102
	ldr	r2, __arm_cp.7_0
	mov	r3, r0
	ands	r3, r2
	.loc	3 147 83                @ ../../../Library/StdDriver/src/sys.c:147:83
	movs	r4, #1
	mov	r5, r4
	lsls	r5, r3
	.loc	3 147 69                @ ../../../Library/StdDriver/src/sys.c:147:69
	lsrs	r0, r0, #24
	.loc	3 147 51                @ ../../../Library/StdDriver/src/sys.c:147:51
	ldr	r3, __arm_cp.7_1
	.loc	3 147 78                @ ../../../Library/StdDriver/src/sys.c:147:78
	ldr	r6, [r0, r3]
	orrs	r6, r5
	str	r6, [r0, r3]
	.loc	3 150 89 is_stmt 1      @ ../../../Library/StdDriver/src/sys.c:150:89
	ldr	r0, [sp, #4]
	.loc	3 150 104 is_stmt 0     @ ../../../Library/StdDriver/src/sys.c:150:104
	mov	r5, r0
	ands	r5, r2
	.loc	3 150 85                @ ../../../Library/StdDriver/src/sys.c:150:85
	lsls	r4, r5
	.loc	3 150 69                @ ../../../Library/StdDriver/src/sys.c:150:69
	lsrs	r0, r0, #24
	.loc	3 150 78                @ ../../../Library/StdDriver/src/sys.c:150:78
	ldr	r2, [r0, r3]
	bics	r2, r4
	str	r2, [r0, r3]
	.loc	3 151 1 is_stmt 1       @ ../../../Library/StdDriver/src/sys.c:151:1
	str	r1, [sp]                @ 4-byte Spill
	add	sp, #8
	pop	{r4, r5, r6, pc}
.Ltmp9:
	.p2align	2
@ %bb.1:
	.loc	3 0 1 is_stmt 0         @ ../../../Library/StdDriver/src/sys.c:0:1
__arm_cp.7_0:
	.long	16777215                @ 0xffffff
.Lcpi_end6:
	.size	__arm_cp.7_0, .Lcpi_end6-__arm_cp.7_0
__arm_cp.7_1:
	.long	1342177288              @ 0x50000008
.Lcpi_end7:
	.size	__arm_cp.7_1, .Lcpi_end7-__arm_cp.7_1
.Lfunc_end7:
	.size	SYS_ResetModule, .Lfunc_end7-SYS_ResetModule
	.cfi_endproc
	.cantunwind
	.fnend
                                        @ -- End function
	.section	.text.SYS_EnableBOD,"ax",%progbits
	.hidden	SYS_EnableBOD           @ -- Begin function SYS_EnableBOD
	.globl	SYS_EnableBOD
	.p2align	2
	.type	SYS_EnableBOD,%function
	.code	16                      @ @SYS_EnableBOD
	.thumb_func
SYS_EnableBOD:
.Lfunc_begin8:
	.loc	3 169 0 is_stmt 1       @ ../../../Library/StdDriver/src/sys.c:169:0
	.fnstart
	.cfi_startproc
@ %bb.0:
	.save	{r4, lr}
	push	{r4, lr}
	.cfi_def_cfa_offset 8
	.cfi_offset lr, -4
	.cfi_offset r4, -8
	.pad	#16
	sub	sp, #16
	.cfi_def_cfa_offset 24
	mov	r2, r1
	mov	r3, r0
	str	r0, [sp, #12]
	str	r1, [sp, #8]
.Ltmp10:
	.loc	3 171 17 prologue_end   @ ../../../Library/StdDriver/src/sys.c:171:17
	ldr	r0, __arm_cp.8_0
	ldr	r1, [r0]
	movs	r4, #1
	orrs	r1, r4
	str	r1, [r0]
	.loc	3 174 25                @ ../../../Library/StdDriver/src/sys.c:174:25
	ldr	r1, [r0]
	.loc	3 174 32 is_stmt 0      @ ../../../Library/StdDriver/src/sys.c:174:32
	movs	r4, #8
	bics	r1, r4
	.loc	3 174 62                @ ../../../Library/StdDriver/src/sys.c:174:62
	ldr	r4, [sp, #12]
	.loc	3 174 60                @ ../../../Library/StdDriver/src/sys.c:174:60
	orrs	r1, r4
	.loc	3 174 17                @ ../../../Library/StdDriver/src/sys.c:174:17
	str	r1, [r0]
	.loc	3 177 25 is_stmt 1      @ ../../../Library/StdDriver/src/sys.c:177:25
	ldr	r1, [r0]
	.loc	3 177 32 is_stmt 0      @ ../../../Library/StdDriver/src/sys.c:177:32
	movs	r4, #6
	bics	r1, r4
	.loc	3 177 59                @ ../../../Library/StdDriver/src/sys.c:177:59
	ldr	r4, [sp, #8]
	.loc	3 177 57                @ ../../../Library/StdDriver/src/sys.c:177:57
	orrs	r1, r4
	.loc	3 177 17                @ ../../../Library/StdDriver/src/sys.c:177:17
	str	r1, [r0]
	.loc	3 178 1 is_stmt 1       @ ../../../Library/StdDriver/src/sys.c:178:1
	str	r2, [sp, #4]            @ 4-byte Spill
	str	r3, [sp]                @ 4-byte Spill
	add	sp, #16
	pop	{r4, pc}
.Ltmp11:
	.p2align	2
@ %bb.1:
	.loc	3 0 1 is_stmt 0         @ ../../../Library/StdDriver/src/sys.c:0:1
__arm_cp.8_0:
	.long	1342177304              @ 0x50000018
.Lcpi_end8:
	.size	__arm_cp.8_0, .Lcpi_end8-__arm_cp.8_0
.Lfunc_end8:
	.size	SYS_EnableBOD, .Lfunc_end8-SYS_EnableBOD
	.cfi_endproc
	.cantunwind
	.fnend
                                        @ -- End function
	.section	.text.SYS_DisableBOD,"ax",%progbits
	.hidden	SYS_DisableBOD          @ -- Begin function SYS_DisableBOD
	.globl	SYS_DisableBOD
	.p2align	2
	.type	SYS_DisableBOD,%function
	.code	16                      @ @SYS_DisableBOD
	.thumb_func
SYS_DisableBOD:
.Lfunc_begin9:
	.loc	3 188 0 is_stmt 1       @ ../../../Library/StdDriver/src/sys.c:188:0
	.fnstart
	.cfi_startproc
@ %bb.0:
	.loc	3 189 17 prologue_end   @ ../../../Library/StdDriver/src/sys.c:189:17
	ldr	r0, __arm_cp.9_0
	ldr	r1, [r0]
	movs	r2, #1
	bics	r1, r2
	str	r1, [r0]
	.loc	3 190 1                 @ ../../../Library/StdDriver/src/sys.c:190:1
	bx	lr
.Ltmp12:
	.p2align	2
@ %bb.1:
	.loc	3 0 1 is_stmt 0         @ ../../../Library/StdDriver/src/sys.c:0:1
__arm_cp.9_0:
	.long	1342177304              @ 0x50000018
.Lcpi_end9:
	.size	__arm_cp.9_0, .Lcpi_end9-__arm_cp.9_0
.Lfunc_end9:
	.size	SYS_DisableBOD, .Lfunc_end9-SYS_DisableBOD
	.cfi_endproc
	.cantunwind
	.fnend
                                        @ -- End function
	.section	.debug_str,"MS",%progbits,1
.Linfo_string0:
	.asciz	"Component: ARM Compiler 6.10.1 Tool: armclang [5d143200]" @ string offset=0
.Linfo_string1:
	.asciz	"../../../Library/StdDriver/src\\sys.c" @ string offset=57
.Linfo_string2:
	.asciz	"D:\\SourceCode\\_Avery_NUC1262\\NUC1262BSP_LLSI_RGBLED\\SampleCode\\Template\\Keil" @ string offset=94
.Linfo_string3:
	.asciz	"PDID"                  @ string offset=171
.Linfo_string4:
	.asciz	"unsigned int"          @ string offset=176
.Linfo_string5:
	.asciz	"uint32_t"              @ string offset=189
.Linfo_string6:
	.asciz	"RSTSTS"                @ string offset=198
.Linfo_string7:
	.asciz	"IPRST0"                @ string offset=205
.Linfo_string8:
	.asciz	"IPRST1"                @ string offset=212
.Linfo_string9:
	.asciz	"IPRST2"                @ string offset=219
.Linfo_string10:
	.asciz	"RESERVE0"              @ string offset=226
.Linfo_string11:
	.asciz	"sizetype"              @ string offset=235
.Linfo_string12:
	.asciz	"BODCTL"                @ string offset=244
.Linfo_string13:
	.asciz	"IVSCTL"                @ string offset=251
.Linfo_string14:
	.asciz	"RESERVE1"              @ string offset=258
.Linfo_string15:
	.asciz	"PORCTL"                @ string offset=267
.Linfo_string16:
	.asciz	"RESERVE2"              @ string offset=274
.Linfo_string17:
	.asciz	"GPA_MFPL"              @ string offset=283
.Linfo_string18:
	.asciz	"GPA_MFPH"              @ string offset=292
.Linfo_string19:
	.asciz	"GPB_MFPL"              @ string offset=301
.Linfo_string20:
	.asciz	"GPB_MFPH"              @ string offset=310
.Linfo_string21:
	.asciz	"GPC_MFPL"              @ string offset=319
.Linfo_string22:
	.asciz	"GPC_MFPH"              @ string offset=328
.Linfo_string23:
	.asciz	"GPD_MFPL"              @ string offset=337
.Linfo_string24:
	.asciz	"GPD_MFPH"              @ string offset=346
.Linfo_string25:
	.asciz	"RESERVE3"              @ string offset=355
.Linfo_string26:
	.asciz	"GPF_MFPL"              @ string offset=364
.Linfo_string27:
	.asciz	"GPF_MFPH"              @ string offset=373
.Linfo_string28:
	.asciz	"RESERVE4"              @ string offset=382
.Linfo_string29:
	.asciz	"IRCTCTL"               @ string offset=391
.Linfo_string30:
	.asciz	"IRCTIEN"               @ string offset=399
.Linfo_string31:
	.asciz	"IRCTISTS"              @ string offset=407
.Linfo_string32:
	.asciz	"RESERVE5"              @ string offset=416
.Linfo_string33:
	.asciz	"MODCTL"                @ string offset=425
.Linfo_string34:
	.asciz	"RESERVE6"              @ string offset=432
.Linfo_string35:
	.asciz	"REGLCTL"               @ string offset=441
.Linfo_string36:
	.asciz	"RESERVE7"              @ string offset=449
.Linfo_string37:
	.asciz	"TSOFFSET"              @ string offset=458
.Linfo_string38:
	.asciz	"SYS_T"                 @ string offset=467
.Linfo_string39:
	.asciz	"SYS_ClearResetSrc"     @ string offset=473
.Linfo_string40:
	.asciz	"SYS_GetBODStatus"      @ string offset=491
.Linfo_string41:
	.asciz	"SYS_GetResetSrc"       @ string offset=508
.Linfo_string42:
	.asciz	"SYS_IsRegLocked"       @ string offset=524
.Linfo_string43:
	.asciz	"SYS_ReadPDID"          @ string offset=540
.Linfo_string44:
	.asciz	"SYS_ResetChip"         @ string offset=553
.Linfo_string45:
	.asciz	"SYS_ResetCPU"          @ string offset=567
.Linfo_string46:
	.asciz	"SYS_ResetModule"       @ string offset=580
.Linfo_string47:
	.asciz	"SYS_EnableBOD"         @ string offset=596
.Linfo_string48:
	.asciz	"SYS_DisableBOD"        @ string offset=610
.Linfo_string49:
	.asciz	"u32Src"                @ string offset=625
.Linfo_string50:
	.asciz	"u32ModuleIndex"        @ string offset=632
.Linfo_string51:
	.asciz	"i32Mode"               @ string offset=647
.Linfo_string52:
	.asciz	"int"                   @ string offset=655
.Linfo_string53:
	.asciz	"int32_t"               @ string offset=659
.Linfo_string54:
	.asciz	"u32BODLevel"           @ string offset=667
	.section	.debug_abbrev,"",%progbits
	.byte	1                       @ Abbreviation Code
	.byte	17                      @ DW_TAG_compile_unit
	.byte	1                       @ DW_CHILDREN_yes
	.byte	37                      @ DW_AT_producer
	.byte	14                      @ DW_FORM_strp
	.byte	19                      @ DW_AT_language
	.byte	5                       @ DW_FORM_data2
	.byte	3                       @ DW_AT_name
	.byte	14                      @ DW_FORM_strp
	.byte	16                      @ DW_AT_stmt_list
	.byte	6                       @ DW_FORM_data4
	.byte	27                      @ DW_AT_comp_dir
	.byte	14                      @ DW_FORM_strp
	.ascii	"\264B"                 @ DW_AT_GNU_pubnames
	.byte	12                      @ DW_FORM_flag
	.byte	17                      @ DW_AT_low_pc
	.byte	1                       @ DW_FORM_addr
	.byte	85                      @ DW_AT_ranges
	.byte	6                       @ DW_FORM_data4
	.byte	0                       @ EOM(1)
	.byte	0                       @ EOM(2)
	.byte	2                       @ Abbreviation Code
	.byte	15                      @ DW_TAG_pointer_type
	.byte	0                       @ DW_CHILDREN_no
	.byte	73                      @ DW_AT_type
	.byte	19                      @ DW_FORM_ref4
	.byte	0                       @ EOM(1)
	.byte	0                       @ EOM(2)
	.byte	3                       @ Abbreviation Code
	.byte	22                      @ DW_TAG_typedef
	.byte	0                       @ DW_CHILDREN_no
	.byte	73                      @ DW_AT_type
	.byte	19                      @ DW_FORM_ref4
	.byte	3                       @ DW_AT_name
	.byte	14                      @ DW_FORM_strp
	.byte	58                      @ DW_AT_decl_file
	.byte	11                      @ DW_FORM_data1
	.byte	59                      @ DW_AT_decl_line
	.byte	5                       @ DW_FORM_data2
	.byte	0                       @ EOM(1)
	.byte	0                       @ EOM(2)
	.byte	4                       @ Abbreviation Code
	.byte	19                      @ DW_TAG_structure_type
	.byte	1                       @ DW_CHILDREN_yes
	.byte	11                      @ DW_AT_byte_size
	.byte	5                       @ DW_FORM_data2
	.byte	58                      @ DW_AT_decl_file
	.byte	11                      @ DW_FORM_data1
	.byte	59                      @ DW_AT_decl_line
	.byte	5                       @ DW_FORM_data2
	.byte	0                       @ EOM(1)
	.byte	0                       @ EOM(2)
	.byte	5                       @ Abbreviation Code
	.byte	13                      @ DW_TAG_member
	.byte	0                       @ DW_CHILDREN_no
	.byte	3                       @ DW_AT_name
	.byte	14                      @ DW_FORM_strp
	.byte	73                      @ DW_AT_type
	.byte	19                      @ DW_FORM_ref4
	.byte	58                      @ DW_AT_decl_file
	.byte	11                      @ DW_FORM_data1
	.byte	59                      @ DW_AT_decl_line
	.byte	5                       @ DW_FORM_data2
	.byte	56                      @ DW_AT_data_member_location
	.byte	11                      @ DW_FORM_data1
	.byte	0                       @ EOM(1)
	.byte	0                       @ EOM(2)
	.byte	6                       @ Abbreviation Code
	.byte	13                      @ DW_TAG_member
	.byte	0                       @ DW_CHILDREN_no
	.byte	3                       @ DW_AT_name
	.byte	14                      @ DW_FORM_strp
	.byte	73                      @ DW_AT_type
	.byte	19                      @ DW_FORM_ref4
	.byte	58                      @ DW_AT_decl_file
	.byte	11                      @ DW_FORM_data1
	.byte	59                      @ DW_AT_decl_line
	.byte	5                       @ DW_FORM_data2
	.byte	56                      @ DW_AT_data_member_location
	.byte	5                       @ DW_FORM_data2
	.byte	0                       @ EOM(1)
	.byte	0                       @ EOM(2)
	.byte	7                       @ Abbreviation Code
	.byte	38                      @ DW_TAG_const_type
	.byte	0                       @ DW_CHILDREN_no
	.byte	73                      @ DW_AT_type
	.byte	19                      @ DW_FORM_ref4
	.byte	0                       @ EOM(1)
	.byte	0                       @ EOM(2)
	.byte	8                       @ Abbreviation Code
	.byte	53                      @ DW_TAG_volatile_type
	.byte	0                       @ DW_CHILDREN_no
	.byte	73                      @ DW_AT_type
	.byte	19                      @ DW_FORM_ref4
	.byte	0                       @ EOM(1)
	.byte	0                       @ EOM(2)
	.byte	9                       @ Abbreviation Code
	.byte	22                      @ DW_TAG_typedef
	.byte	0                       @ DW_CHILDREN_no
	.byte	73                      @ DW_AT_type
	.byte	19                      @ DW_FORM_ref4
	.byte	3                       @ DW_AT_name
	.byte	14                      @ DW_FORM_strp
	.byte	58                      @ DW_AT_decl_file
	.byte	11                      @ DW_FORM_data1
	.byte	59                      @ DW_AT_decl_line
	.byte	11                      @ DW_FORM_data1
	.byte	0                       @ EOM(1)
	.byte	0                       @ EOM(2)
	.byte	10                      @ Abbreviation Code
	.byte	36                      @ DW_TAG_base_type
	.byte	0                       @ DW_CHILDREN_no
	.byte	3                       @ DW_AT_name
	.byte	14                      @ DW_FORM_strp
	.byte	62                      @ DW_AT_encoding
	.byte	11                      @ DW_FORM_data1
	.byte	11                      @ DW_AT_byte_size
	.byte	11                      @ DW_FORM_data1
	.byte	0                       @ EOM(1)
	.byte	0                       @ EOM(2)
	.byte	11                      @ Abbreviation Code
	.byte	1                       @ DW_TAG_array_type
	.byte	1                       @ DW_CHILDREN_yes
	.byte	73                      @ DW_AT_type
	.byte	19                      @ DW_FORM_ref4
	.byte	0                       @ EOM(1)
	.byte	0                       @ EOM(2)
	.byte	12                      @ Abbreviation Code
	.byte	33                      @ DW_TAG_subrange_type
	.byte	0                       @ DW_CHILDREN_no
	.byte	73                      @ DW_AT_type
	.byte	19                      @ DW_FORM_ref4
	.byte	55                      @ DW_AT_count
	.byte	11                      @ DW_FORM_data1
	.byte	0                       @ EOM(1)
	.byte	0                       @ EOM(2)
	.byte	13                      @ Abbreviation Code
	.byte	36                      @ DW_TAG_base_type
	.byte	0                       @ DW_CHILDREN_no
	.byte	3                       @ DW_AT_name
	.byte	14                      @ DW_FORM_strp
	.byte	11                      @ DW_AT_byte_size
	.byte	11                      @ DW_FORM_data1
	.byte	62                      @ DW_AT_encoding
	.byte	11                      @ DW_FORM_data1
	.byte	0                       @ EOM(1)
	.byte	0                       @ EOM(2)
	.byte	14                      @ Abbreviation Code
	.byte	46                      @ DW_TAG_subprogram
	.byte	1                       @ DW_CHILDREN_yes
	.byte	17                      @ DW_AT_low_pc
	.byte	1                       @ DW_FORM_addr
	.byte	18                      @ DW_AT_high_pc
	.byte	1                       @ DW_FORM_addr
	.byte	64                      @ DW_AT_frame_base
	.byte	10                      @ DW_FORM_block1
	.byte	3                       @ DW_AT_name
	.byte	14                      @ DW_FORM_strp
	.byte	58                      @ DW_AT_decl_file
	.byte	11                      @ DW_FORM_data1
	.byte	59                      @ DW_AT_decl_line
	.byte	11                      @ DW_FORM_data1
	.byte	39                      @ DW_AT_prototyped
	.byte	12                      @ DW_FORM_flag
	.byte	63                      @ DW_AT_external
	.byte	12                      @ DW_FORM_flag
	.byte	0                       @ EOM(1)
	.byte	0                       @ EOM(2)
	.byte	15                      @ Abbreviation Code
	.byte	5                       @ DW_TAG_formal_parameter
	.byte	0                       @ DW_CHILDREN_no
	.byte	2                       @ DW_AT_location
	.byte	10                      @ DW_FORM_block1
	.byte	3                       @ DW_AT_name
	.byte	14                      @ DW_FORM_strp
	.byte	58                      @ DW_AT_decl_file
	.byte	11                      @ DW_FORM_data1
	.byte	59                      @ DW_AT_decl_line
	.byte	11                      @ DW_FORM_data1
	.byte	73                      @ DW_AT_type
	.byte	19                      @ DW_FORM_ref4
	.byte	0                       @ EOM(1)
	.byte	0                       @ EOM(2)
	.byte	16                      @ Abbreviation Code
	.byte	46                      @ DW_TAG_subprogram
	.byte	0                       @ DW_CHILDREN_no
	.byte	17                      @ DW_AT_low_pc
	.byte	1                       @ DW_FORM_addr
	.byte	18                      @ DW_AT_high_pc
	.byte	1                       @ DW_FORM_addr
	.byte	64                      @ DW_AT_frame_base
	.byte	10                      @ DW_FORM_block1
	.byte	3                       @ DW_AT_name
	.byte	14                      @ DW_FORM_strp
	.byte	58                      @ DW_AT_decl_file
	.byte	11                      @ DW_FORM_data1
	.byte	59                      @ DW_AT_decl_line
	.byte	11                      @ DW_FORM_data1
	.byte	39                      @ DW_AT_prototyped
	.byte	12                      @ DW_FORM_flag
	.byte	73                      @ DW_AT_type
	.byte	19                      @ DW_FORM_ref4
	.byte	63                      @ DW_AT_external
	.byte	12                      @ DW_FORM_flag
	.byte	0                       @ EOM(1)
	.byte	0                       @ EOM(2)
	.byte	17                      @ Abbreviation Code
	.byte	46                      @ DW_TAG_subprogram
	.byte	0                       @ DW_CHILDREN_no
	.byte	17                      @ DW_AT_low_pc
	.byte	1                       @ DW_FORM_addr
	.byte	18                      @ DW_AT_high_pc
	.byte	1                       @ DW_FORM_addr
	.byte	64                      @ DW_AT_frame_base
	.byte	10                      @ DW_FORM_block1
	.byte	3                       @ DW_AT_name
	.byte	14                      @ DW_FORM_strp
	.byte	58                      @ DW_AT_decl_file
	.byte	11                      @ DW_FORM_data1
	.byte	59                      @ DW_AT_decl_line
	.byte	11                      @ DW_FORM_data1
	.byte	39                      @ DW_AT_prototyped
	.byte	12                      @ DW_FORM_flag
	.byte	63                      @ DW_AT_external
	.byte	12                      @ DW_FORM_flag
	.byte	0                       @ EOM(1)
	.byte	0                       @ EOM(2)
	.byte	0                       @ EOM(3)
	.section	.debug_info,"",%progbits
.Lcu_begin0:
	.long	874                     @ Length of Unit
	.short	3                       @ DWARF version number
	.long	.debug_abbrev           @ Offset Into Abbrev. Section
	.byte	4                       @ Address Size (in bytes)
	.byte	1                       @ Abbrev [1] 0xb:0x363 DW_TAG_compile_unit
	.long	.Linfo_string0          @ DW_AT_producer
	.short	1                       @ DW_AT_language
	.long	.Linfo_string1          @ DW_AT_name
	.long	.Lline_table_start0     @ DW_AT_stmt_list
	.long	.Linfo_string2          @ DW_AT_comp_dir
	.byte	1                       @ DW_AT_GNU_pubnames
	.long	0                       @ DW_AT_low_pc
	.long	.Ldebug_ranges0         @ DW_AT_ranges
	.byte	2                       @ Abbrev [2] 0x27:0x5 DW_TAG_pointer_type
	.long	44                      @ DW_AT_type
	.byte	3                       @ Abbrev [3] 0x2c:0xc DW_TAG_typedef
	.long	56                      @ DW_AT_type
	.long	.Linfo_string38         @ DW_AT_name
	.byte	2                       @ DW_AT_decl_file
	.short	8581                    @ DW_AT_decl_line
	.byte	4                       @ Abbrev [4] 0x38:0x1aa DW_TAG_structure_type
	.short	280                     @ DW_AT_byte_size
	.byte	2                       @ DW_AT_decl_file
	.short	8018                    @ DW_AT_decl_line
	.byte	5                       @ Abbrev [5] 0x3e:0xd DW_TAG_member
	.long	.Linfo_string3          @ DW_AT_name
	.long	482                     @ DW_AT_type
	.byte	2                       @ DW_AT_decl_file
	.short	8547                    @ DW_AT_decl_line
	.byte	0                       @ DW_AT_data_member_location
	.byte	5                       @ Abbrev [5] 0x4b:0xd DW_TAG_member
	.long	.Linfo_string6          @ DW_AT_name
	.long	487                     @ DW_AT_type
	.byte	2                       @ DW_AT_decl_file
	.short	8548                    @ DW_AT_decl_line
	.byte	4                       @ DW_AT_data_member_location
	.byte	5                       @ Abbrev [5] 0x58:0xd DW_TAG_member
	.long	.Linfo_string7          @ DW_AT_name
	.long	487                     @ DW_AT_type
	.byte	2                       @ DW_AT_decl_file
	.short	8549                    @ DW_AT_decl_line
	.byte	8                       @ DW_AT_data_member_location
	.byte	5                       @ Abbrev [5] 0x65:0xd DW_TAG_member
	.long	.Linfo_string8          @ DW_AT_name
	.long	487                     @ DW_AT_type
	.byte	2                       @ DW_AT_decl_file
	.short	8550                    @ DW_AT_decl_line
	.byte	12                      @ DW_AT_data_member_location
	.byte	5                       @ Abbrev [5] 0x72:0xd DW_TAG_member
	.long	.Linfo_string9          @ DW_AT_name
	.long	487                     @ DW_AT_type
	.byte	2                       @ DW_AT_decl_file
	.short	8551                    @ DW_AT_decl_line
	.byte	16                      @ DW_AT_data_member_location
	.byte	5                       @ Abbrev [5] 0x7f:0xd DW_TAG_member
	.long	.Linfo_string10         @ DW_AT_name
	.long	510                     @ DW_AT_type
	.byte	2                       @ DW_AT_decl_file
	.short	8552                    @ DW_AT_decl_line
	.byte	20                      @ DW_AT_data_member_location
	.byte	5                       @ Abbrev [5] 0x8c:0xd DW_TAG_member
	.long	.Linfo_string12         @ DW_AT_name
	.long	487                     @ DW_AT_type
	.byte	2                       @ DW_AT_decl_file
	.short	8553                    @ DW_AT_decl_line
	.byte	24                      @ DW_AT_data_member_location
	.byte	5                       @ Abbrev [5] 0x99:0xd DW_TAG_member
	.long	.Linfo_string13         @ DW_AT_name
	.long	487                     @ DW_AT_type
	.byte	2                       @ DW_AT_decl_file
	.short	8554                    @ DW_AT_decl_line
	.byte	28                      @ DW_AT_data_member_location
	.byte	5                       @ Abbrev [5] 0xa6:0xd DW_TAG_member
	.long	.Linfo_string14         @ DW_AT_name
	.long	510                     @ DW_AT_type
	.byte	2                       @ DW_AT_decl_file
	.short	8555                    @ DW_AT_decl_line
	.byte	32                      @ DW_AT_data_member_location
	.byte	5                       @ Abbrev [5] 0xb3:0xd DW_TAG_member
	.long	.Linfo_string15         @ DW_AT_name
	.long	487                     @ DW_AT_type
	.byte	2                       @ DW_AT_decl_file
	.short	8556                    @ DW_AT_decl_line
	.byte	36                      @ DW_AT_data_member_location
	.byte	5                       @ Abbrev [5] 0xc0:0xd DW_TAG_member
	.long	.Linfo_string16         @ DW_AT_name
	.long	529                     @ DW_AT_type
	.byte	2                       @ DW_AT_decl_file
	.short	8557                    @ DW_AT_decl_line
	.byte	40                      @ DW_AT_data_member_location
	.byte	5                       @ Abbrev [5] 0xcd:0xd DW_TAG_member
	.long	.Linfo_string17         @ DW_AT_name
	.long	487                     @ DW_AT_type
	.byte	2                       @ DW_AT_decl_file
	.short	8558                    @ DW_AT_decl_line
	.byte	48                      @ DW_AT_data_member_location
	.byte	5                       @ Abbrev [5] 0xda:0xd DW_TAG_member
	.long	.Linfo_string18         @ DW_AT_name
	.long	487                     @ DW_AT_type
	.byte	2                       @ DW_AT_decl_file
	.short	8559                    @ DW_AT_decl_line
	.byte	52                      @ DW_AT_data_member_location
	.byte	5                       @ Abbrev [5] 0xe7:0xd DW_TAG_member
	.long	.Linfo_string19         @ DW_AT_name
	.long	487                     @ DW_AT_type
	.byte	2                       @ DW_AT_decl_file
	.short	8560                    @ DW_AT_decl_line
	.byte	56                      @ DW_AT_data_member_location
	.byte	5                       @ Abbrev [5] 0xf4:0xd DW_TAG_member
	.long	.Linfo_string20         @ DW_AT_name
	.long	487                     @ DW_AT_type
	.byte	2                       @ DW_AT_decl_file
	.short	8561                    @ DW_AT_decl_line
	.byte	60                      @ DW_AT_data_member_location
	.byte	5                       @ Abbrev [5] 0x101:0xd DW_TAG_member
	.long	.Linfo_string21         @ DW_AT_name
	.long	487                     @ DW_AT_type
	.byte	2                       @ DW_AT_decl_file
	.short	8562                    @ DW_AT_decl_line
	.byte	64                      @ DW_AT_data_member_location
	.byte	5                       @ Abbrev [5] 0x10e:0xd DW_TAG_member
	.long	.Linfo_string22         @ DW_AT_name
	.long	487                     @ DW_AT_type
	.byte	2                       @ DW_AT_decl_file
	.short	8563                    @ DW_AT_decl_line
	.byte	68                      @ DW_AT_data_member_location
	.byte	5                       @ Abbrev [5] 0x11b:0xd DW_TAG_member
	.long	.Linfo_string23         @ DW_AT_name
	.long	487                     @ DW_AT_type
	.byte	2                       @ DW_AT_decl_file
	.short	8564                    @ DW_AT_decl_line
	.byte	72                      @ DW_AT_data_member_location
	.byte	5                       @ Abbrev [5] 0x128:0xd DW_TAG_member
	.long	.Linfo_string24         @ DW_AT_name
	.long	487                     @ DW_AT_type
	.byte	2                       @ DW_AT_decl_file
	.short	8565                    @ DW_AT_decl_line
	.byte	76                      @ DW_AT_data_member_location
	.byte	5                       @ Abbrev [5] 0x135:0xd DW_TAG_member
	.long	.Linfo_string25         @ DW_AT_name
	.long	529                     @ DW_AT_type
	.byte	2                       @ DW_AT_decl_file
	.short	8566                    @ DW_AT_decl_line
	.byte	80                      @ DW_AT_data_member_location
	.byte	5                       @ Abbrev [5] 0x142:0xd DW_TAG_member
	.long	.Linfo_string26         @ DW_AT_name
	.long	487                     @ DW_AT_type
	.byte	2                       @ DW_AT_decl_file
	.short	8567                    @ DW_AT_decl_line
	.byte	88                      @ DW_AT_data_member_location
	.byte	5                       @ Abbrev [5] 0x14f:0xd DW_TAG_member
	.long	.Linfo_string27         @ DW_AT_name
	.long	487                     @ DW_AT_type
	.byte	2                       @ DW_AT_decl_file
	.short	8568                    @ DW_AT_decl_line
	.byte	92                      @ DW_AT_data_member_location
	.byte	5                       @ Abbrev [5] 0x15c:0xd DW_TAG_member
	.long	.Linfo_string28         @ DW_AT_name
	.long	541                     @ DW_AT_type
	.byte	2                       @ DW_AT_decl_file
	.short	8569                    @ DW_AT_decl_line
	.byte	96                      @ DW_AT_data_member_location
	.byte	5                       @ Abbrev [5] 0x169:0xd DW_TAG_member
	.long	.Linfo_string29         @ DW_AT_name
	.long	487                     @ DW_AT_type
	.byte	2                       @ DW_AT_decl_file
	.short	8570                    @ DW_AT_decl_line
	.byte	128                     @ DW_AT_data_member_location
	.byte	5                       @ Abbrev [5] 0x176:0xd DW_TAG_member
	.long	.Linfo_string30         @ DW_AT_name
	.long	487                     @ DW_AT_type
	.byte	2                       @ DW_AT_decl_file
	.short	8571                    @ DW_AT_decl_line
	.byte	132                     @ DW_AT_data_member_location
	.byte	5                       @ Abbrev [5] 0x183:0xd DW_TAG_member
	.long	.Linfo_string31         @ DW_AT_name
	.long	487                     @ DW_AT_type
	.byte	2                       @ DW_AT_decl_file
	.short	8572                    @ DW_AT_decl_line
	.byte	136                     @ DW_AT_data_member_location
	.byte	5                       @ Abbrev [5] 0x190:0xd DW_TAG_member
	.long	.Linfo_string32         @ DW_AT_name
	.long	553                     @ DW_AT_type
	.byte	2                       @ DW_AT_decl_file
	.short	8573                    @ DW_AT_decl_line
	.byte	140                     @ DW_AT_data_member_location
	.byte	5                       @ Abbrev [5] 0x19d:0xd DW_TAG_member
	.long	.Linfo_string33         @ DW_AT_name
	.long	487                     @ DW_AT_type
	.byte	2                       @ DW_AT_decl_file
	.short	8574                    @ DW_AT_decl_line
	.byte	192                     @ DW_AT_data_member_location
	.byte	5                       @ Abbrev [5] 0x1aa:0xd DW_TAG_member
	.long	.Linfo_string34         @ DW_AT_name
	.long	565                     @ DW_AT_type
	.byte	2                       @ DW_AT_decl_file
	.short	8575                    @ DW_AT_decl_line
	.byte	196                     @ DW_AT_data_member_location
	.byte	6                       @ Abbrev [6] 0x1b7:0xe DW_TAG_member
	.long	.Linfo_string35         @ DW_AT_name
	.long	487                     @ DW_AT_type
	.byte	2                       @ DW_AT_decl_file
	.short	8576                    @ DW_AT_decl_line
	.short	256                     @ DW_AT_data_member_location
	.byte	6                       @ Abbrev [6] 0x1c5:0xe DW_TAG_member
	.long	.Linfo_string36         @ DW_AT_name
	.long	577                     @ DW_AT_type
	.byte	2                       @ DW_AT_decl_file
	.short	8577                    @ DW_AT_decl_line
	.short	260                     @ DW_AT_data_member_location
	.byte	6                       @ Abbrev [6] 0x1d3:0xe DW_TAG_member
	.long	.Linfo_string37         @ DW_AT_name
	.long	482                     @ DW_AT_type
	.byte	2                       @ DW_AT_decl_file
	.short	8578                    @ DW_AT_decl_line
	.short	276                     @ DW_AT_data_member_location
	.byte	0                       @ End Of Children Mark
	.byte	7                       @ Abbrev [7] 0x1e2:0x5 DW_TAG_const_type
	.long	487                     @ DW_AT_type
	.byte	8                       @ Abbrev [8] 0x1e7:0x5 DW_TAG_volatile_type
	.long	492                     @ DW_AT_type
	.byte	9                       @ Abbrev [9] 0x1ec:0xb DW_TAG_typedef
	.long	503                     @ DW_AT_type
	.long	.Linfo_string5          @ DW_AT_name
	.byte	1                       @ DW_AT_decl_file
	.byte	64                      @ DW_AT_decl_line
	.byte	10                      @ Abbrev [10] 0x1f7:0x7 DW_TAG_base_type
	.long	.Linfo_string4          @ DW_AT_name
	.byte	7                       @ DW_AT_encoding
	.byte	4                       @ DW_AT_byte_size
	.byte	11                      @ Abbrev [11] 0x1fe:0xc DW_TAG_array_type
	.long	482                     @ DW_AT_type
	.byte	12                      @ Abbrev [12] 0x203:0x6 DW_TAG_subrange_type
	.long	522                     @ DW_AT_type
	.byte	1                       @ DW_AT_count
	.byte	0                       @ End Of Children Mark
	.byte	13                      @ Abbrev [13] 0x20a:0x7 DW_TAG_base_type
	.long	.Linfo_string11         @ DW_AT_name
	.byte	8                       @ DW_AT_byte_size
	.byte	7                       @ DW_AT_encoding
	.byte	11                      @ Abbrev [11] 0x211:0xc DW_TAG_array_type
	.long	482                     @ DW_AT_type
	.byte	12                      @ Abbrev [12] 0x216:0x6 DW_TAG_subrange_type
	.long	522                     @ DW_AT_type
	.byte	2                       @ DW_AT_count
	.byte	0                       @ End Of Children Mark
	.byte	11                      @ Abbrev [11] 0x21d:0xc DW_TAG_array_type
	.long	482                     @ DW_AT_type
	.byte	12                      @ Abbrev [12] 0x222:0x6 DW_TAG_subrange_type
	.long	522                     @ DW_AT_type
	.byte	8                       @ DW_AT_count
	.byte	0                       @ End Of Children Mark
	.byte	11                      @ Abbrev [11] 0x229:0xc DW_TAG_array_type
	.long	482                     @ DW_AT_type
	.byte	12                      @ Abbrev [12] 0x22e:0x6 DW_TAG_subrange_type
	.long	522                     @ DW_AT_type
	.byte	13                      @ DW_AT_count
	.byte	0                       @ End Of Children Mark
	.byte	11                      @ Abbrev [11] 0x235:0xc DW_TAG_array_type
	.long	482                     @ DW_AT_type
	.byte	12                      @ Abbrev [12] 0x23a:0x6 DW_TAG_subrange_type
	.long	522                     @ DW_AT_type
	.byte	15                      @ DW_AT_count
	.byte	0                       @ End Of Children Mark
	.byte	11                      @ Abbrev [11] 0x241:0xc DW_TAG_array_type
	.long	482                     @ DW_AT_type
	.byte	12                      @ Abbrev [12] 0x246:0x6 DW_TAG_subrange_type
	.long	522                     @ DW_AT_type
	.byte	4                       @ DW_AT_count
	.byte	0                       @ End Of Children Mark
	.byte	2                       @ Abbrev [2] 0x24d:0x5 DW_TAG_pointer_type
	.long	487                     @ DW_AT_type
	.byte	14                      @ Abbrev [14] 0x252:0x22 DW_TAG_subprogram
	.long	.Lfunc_begin0           @ DW_AT_low_pc
	.long	.Lfunc_end0             @ DW_AT_high_pc
	.byte	1                       @ DW_AT_frame_base
	.byte	93
	.long	.Linfo_string39         @ DW_AT_name
	.byte	3                       @ DW_AT_decl_file
	.byte	36                      @ DW_AT_decl_line
	.byte	1                       @ DW_AT_prototyped
	.byte	1                       @ DW_AT_external
	.byte	15                      @ Abbrev [15] 0x265:0xe DW_TAG_formal_parameter
	.byte	2                       @ DW_AT_location
	.byte	145
	.byte	4
	.long	.Linfo_string49         @ DW_AT_name
	.byte	3                       @ DW_AT_decl_file
	.byte	36                      @ DW_AT_decl_line
	.long	492                     @ DW_AT_type
	.byte	0                       @ End Of Children Mark
	.byte	16                      @ Abbrev [16] 0x274:0x17 DW_TAG_subprogram
	.long	.Lfunc_begin1           @ DW_AT_low_pc
	.long	.Lfunc_end1             @ DW_AT_high_pc
	.byte	1                       @ DW_AT_frame_base
	.byte	93
	.long	.Linfo_string40         @ DW_AT_name
	.byte	3                       @ DW_AT_decl_file
	.byte	48                      @ DW_AT_decl_line
	.byte	1                       @ DW_AT_prototyped
	.long	492                     @ DW_AT_type
	.byte	1                       @ DW_AT_external
	.byte	16                      @ Abbrev [16] 0x28b:0x17 DW_TAG_subprogram
	.long	.Lfunc_begin2           @ DW_AT_low_pc
	.long	.Lfunc_end2             @ DW_AT_high_pc
	.byte	1                       @ DW_AT_frame_base
	.byte	93
	.long	.Linfo_string41         @ DW_AT_name
	.byte	3                       @ DW_AT_decl_file
	.byte	59                      @ DW_AT_decl_line
	.byte	1                       @ DW_AT_prototyped
	.long	492                     @ DW_AT_type
	.byte	1                       @ DW_AT_external
	.byte	16                      @ Abbrev [16] 0x2a2:0x17 DW_TAG_subprogram
	.long	.Lfunc_begin3           @ DW_AT_low_pc
	.long	.Lfunc_end3             @ DW_AT_high_pc
	.byte	1                       @ DW_AT_frame_base
	.byte	93
	.long	.Linfo_string42         @ DW_AT_name
	.byte	3                       @ DW_AT_decl_file
	.byte	71                      @ DW_AT_decl_line
	.byte	1                       @ DW_AT_prototyped
	.long	492                     @ DW_AT_type
	.byte	1                       @ DW_AT_external
	.byte	16                      @ Abbrev [16] 0x2b9:0x17 DW_TAG_subprogram
	.long	.Lfunc_begin4           @ DW_AT_low_pc
	.long	.Lfunc_end4             @ DW_AT_high_pc
	.byte	1                       @ DW_AT_frame_base
	.byte	93
	.long	.Linfo_string43         @ DW_AT_name
	.byte	3                       @ DW_AT_decl_file
	.byte	82                      @ DW_AT_decl_line
	.byte	1                       @ DW_AT_prototyped
	.long	492                     @ DW_AT_type
	.byte	1                       @ DW_AT_external
	.byte	17                      @ Abbrev [17] 0x2d0:0x13 DW_TAG_subprogram
	.long	.Lfunc_begin5           @ DW_AT_low_pc
	.long	.Lfunc_end5             @ DW_AT_high_pc
	.byte	1                       @ DW_AT_frame_base
	.byte	93
	.long	.Linfo_string44         @ DW_AT_name
	.byte	3                       @ DW_AT_decl_file
	.byte	94                      @ DW_AT_decl_line
	.byte	1                       @ DW_AT_prototyped
	.byte	1                       @ DW_AT_external
	.byte	17                      @ Abbrev [17] 0x2e3:0x13 DW_TAG_subprogram
	.long	.Lfunc_begin6           @ DW_AT_low_pc
	.long	.Lfunc_end6             @ DW_AT_high_pc
	.byte	1                       @ DW_AT_frame_base
	.byte	93
	.long	.Linfo_string45         @ DW_AT_name
	.byte	3                       @ DW_AT_decl_file
	.byte	106                     @ DW_AT_decl_line
	.byte	1                       @ DW_AT_prototyped
	.byte	1                       @ DW_AT_external
	.byte	14                      @ Abbrev [14] 0x2f6:0x22 DW_TAG_subprogram
	.long	.Lfunc_begin7           @ DW_AT_low_pc
	.long	.Lfunc_end7             @ DW_AT_high_pc
	.byte	1                       @ DW_AT_frame_base
	.byte	93
	.long	.Linfo_string46         @ DW_AT_name
	.byte	3                       @ DW_AT_decl_file
	.byte	144                     @ DW_AT_decl_line
	.byte	1                       @ DW_AT_prototyped
	.byte	1                       @ DW_AT_external
	.byte	15                      @ Abbrev [15] 0x309:0xe DW_TAG_formal_parameter
	.byte	2                       @ DW_AT_location
	.byte	145
	.byte	4
	.long	.Linfo_string50         @ DW_AT_name
	.byte	3                       @ DW_AT_decl_file
	.byte	144                     @ DW_AT_decl_line
	.long	492                     @ DW_AT_type
	.byte	0                       @ End Of Children Mark
	.byte	14                      @ Abbrev [14] 0x318:0x30 DW_TAG_subprogram
	.long	.Lfunc_begin8           @ DW_AT_low_pc
	.long	.Lfunc_end8             @ DW_AT_high_pc
	.byte	1                       @ DW_AT_frame_base
	.byte	93
	.long	.Linfo_string47         @ DW_AT_name
	.byte	3                       @ DW_AT_decl_file
	.byte	168                     @ DW_AT_decl_line
	.byte	1                       @ DW_AT_prototyped
	.byte	1                       @ DW_AT_external
	.byte	15                      @ Abbrev [15] 0x32b:0xe DW_TAG_formal_parameter
	.byte	2                       @ DW_AT_location
	.byte	145
	.byte	12
	.long	.Linfo_string51         @ DW_AT_name
	.byte	3                       @ DW_AT_decl_file
	.byte	168                     @ DW_AT_decl_line
	.long	859                     @ DW_AT_type
	.byte	15                      @ Abbrev [15] 0x339:0xe DW_TAG_formal_parameter
	.byte	2                       @ DW_AT_location
	.byte	145
	.byte	8
	.long	.Linfo_string54         @ DW_AT_name
	.byte	3                       @ DW_AT_decl_file
	.byte	168                     @ DW_AT_decl_line
	.long	492                     @ DW_AT_type
	.byte	0                       @ End Of Children Mark
	.byte	17                      @ Abbrev [17] 0x348:0x13 DW_TAG_subprogram
	.long	.Lfunc_begin9           @ DW_AT_low_pc
	.long	.Lfunc_end9             @ DW_AT_high_pc
	.byte	1                       @ DW_AT_frame_base
	.byte	93
	.long	.Linfo_string48         @ DW_AT_name
	.byte	3                       @ DW_AT_decl_file
	.byte	187                     @ DW_AT_decl_line
	.byte	1                       @ DW_AT_prototyped
	.byte	1                       @ DW_AT_external
	.byte	9                       @ Abbrev [9] 0x35b:0xb DW_TAG_typedef
	.long	870                     @ DW_AT_type
	.long	.Linfo_string53         @ DW_AT_name
	.byte	1                       @ DW_AT_decl_file
	.byte	58                      @ DW_AT_decl_line
	.byte	10                      @ Abbrev [10] 0x366:0x7 DW_TAG_base_type
	.long	.Linfo_string52         @ DW_AT_name
	.byte	5                       @ DW_AT_encoding
	.byte	4                       @ DW_AT_byte_size
	.byte	0                       @ End Of Children Mark
	.section	.debug_ranges,"",%progbits
.Ldebug_ranges0:
	.long	.Lfunc_begin0
	.long	.Lfunc_end0
	.long	.Lfunc_begin1
	.long	.Lfunc_end1
	.long	.Lfunc_begin2
	.long	.Lfunc_end2
	.long	.Lfunc_begin3
	.long	.Lfunc_end3
	.long	.Lfunc_begin4
	.long	.Lfunc_end4
	.long	.Lfunc_begin5
	.long	.Lfunc_end5
	.long	.Lfunc_begin6
	.long	.Lfunc_end6
	.long	.Lfunc_begin7
	.long	.Lfunc_end7
	.long	.Lfunc_begin8
	.long	.Lfunc_end8
	.long	.Lfunc_begin9
	.long	.Lfunc_end9
	.long	0
	.long	0
	.section	.debug_macinfo,"",%progbits
.Lcu_macro_begin0:
	.byte	0                       @ End Of Macro List Mark
	.section	.debug_pubnames,"",%progbits
	.long	.LpubNames_end0-.LpubNames_begin0 @ Length of Public Names Info
.LpubNames_begin0:
	.short	2                       @ DWARF Version
	.long	.Lcu_begin0             @ Offset of Compilation Unit Info
	.long	878                     @ Compilation Unit Length
	.long	594                     @ DIE offset
	.asciz	"SYS_ClearResetSrc"     @ External Name
	.long	840                     @ DIE offset
	.asciz	"SYS_DisableBOD"        @ External Name
	.long	720                     @ DIE offset
	.asciz	"SYS_ResetChip"         @ External Name
	.long	628                     @ DIE offset
	.asciz	"SYS_GetBODStatus"      @ External Name
	.long	758                     @ DIE offset
	.asciz	"SYS_ResetModule"       @ External Name
	.long	651                     @ DIE offset
	.asciz	"SYS_GetResetSrc"       @ External Name
	.long	674                     @ DIE offset
	.asciz	"SYS_IsRegLocked"       @ External Name
	.long	697                     @ DIE offset
	.asciz	"SYS_ReadPDID"          @ External Name
	.long	739                     @ DIE offset
	.asciz	"SYS_ResetCPU"          @ External Name
	.long	792                     @ DIE offset
	.asciz	"SYS_EnableBOD"         @ External Name
	.long	0                       @ End Mark
.LpubNames_end0:
	.section	.debug_pubtypes,"",%progbits
	.long	.LpubTypes_end0-.LpubTypes_begin0 @ Length of Public Types Info
.LpubTypes_begin0:
	.short	2                       @ DWARF Version
	.long	.Lcu_begin0             @ Offset of Compilation Unit Info
	.long	878                     @ Compilation Unit Length
	.long	44                      @ DIE offset
	.asciz	"SYS_T"                 @ External Name
	.long	859                     @ DIE offset
	.asciz	"int32_t"               @ External Name
	.long	492                     @ DIE offset
	.asciz	"uint32_t"              @ External Name
	.long	503                     @ DIE offset
	.asciz	"unsigned int"          @ External Name
	.long	870                     @ DIE offset
	.asciz	"int"                   @ External Name
	.long	0                       @ End Mark
.LpubTypes_end0:

	.ident	"Component: ARM Compiler 6.10.1 Tool: armclang [5d143200]"
	.section	".note.GNU-stack","",%progbits
	.eabi_attribute	30, 6	@ Tag_ABI_optimization_goals
	.ARM_attribute	16, 1	@ Tag_AV_eba
	.section	.debug_line,"",%progbits
.Lline_table_start0:
