	.text
	.syntax unified
	.eabi_attribute	67, "2.09"	@ Tag_conformance
	.cpu	cortex-m23
	.eabi_attribute	6, 16	@ Tag_CPU_arch
	.eabi_attribute	7, 77	@ Tag_CPU_arch_profile
	.eabi_attribute	8, 0	@ Tag_ARM_ISA_use
	.eabi_attribute	9, 3	@ Tag_THUMB_ISA_use
	.eabi_attribute	34, 0	@ Tag_CPU_unaligned_access
	.eabi_attribute	17, 1	@ Tag_ABI_PCS_GOT_use
	.eabi_attribute	20, 2	@ Tag_ABI_FP_denormal
	.eabi_attribute	21, 0	@ Tag_ABI_FP_exceptions
	.eabi_attribute	23, 1	@ Tag_ABI_FP_number_model
	.eabi_attribute	24, 1	@ Tag_ABI_align_needed
	.eabi_attribute	25, 1	@ Tag_ABI_align_preserved
	.eabi_attribute	38, 1	@ Tag_ABI_FP_16bit_format
	.eabi_attribute	18, 2	@ Tag_ABI_PCS_wchar_t
	.eabi_attribute	26, 1	@ Tag_ABI_enum_size
	.eabi_attribute	14, 0	@ Tag_ABI_PCS_R9_use
	.file	"system_NUC1262.c"
	.file	1 "C:\\Keil_v5\\ARM\\ARMCLANG\\Bin\\..\\include" "stdint.h"
	.file	2 "../../../Library/Device/Nuvoton/NUC1262/Source" "system_NUC1262.c"
	.file	3 "../../../Library/Device/Nuvoton/NUC1262/Include" "NUC1262.h"
	.section	.text.SystemCoreClockUpdate,"ax",%progbits
	.hidden	SystemCoreClockUpdate   @ -- Begin function SystemCoreClockUpdate
	.globl	SystemCoreClockUpdate
	.p2align	2
	.type	SystemCoreClockUpdate,%function
	.code	16                      @ @SystemCoreClockUpdate
	.thumb_func
SystemCoreClockUpdate:
.Lfunc_begin0:
	.loc	2 35 0                  @ ../../../Library/Device/Nuvoton/NUC1262/Source/system_NUC1262.c:35:0
	.fnstart
	.cfi_sections .debug_frame
	.cfi_startproc
@ %bb.0:
	.save	{r7, lr}
	push	{r7, lr}
	.cfi_def_cfa_offset 8
	.cfi_offset lr, -4
	.cfi_offset r7, -8
	.pad	#16
	sub	sp, #16
	.cfi_def_cfa_offset 24
.Ltmp0:
	.loc	2 39 22 prologue_end    @ ../../../Library/Device/Nuvoton/NUC1262/Source/system_NUC1262.c:39:22
	ldr	r0, __arm_cp.0_0
	ldr	r0, [r0]
	.loc	2 39 30 is_stmt 0       @ ../../../Library/Device/Nuvoton/NUC1262/Source/system_NUC1262.c:39:30
	movs	r1, #7
	ands	r0, r1
	.loc	2 39 15                 @ ../../../Library/Device/Nuvoton/NUC1262/Source/system_NUC1262.c:39:15
	str	r0, [sp, #8]
	.loc	2 42 16 is_stmt 1       @ ../../../Library/Device/Nuvoton/NUC1262/Source/system_NUC1262.c:42:16
	bl	CLK_GetPLLClockFreq
	.loc	2 42 14 is_stmt 0       @ ../../../Library/Device/Nuvoton/NUC1262/Source/system_NUC1262.c:42:14
	ldr	r1, __arm_cp.0_1
	str	r0, [r1]
.Ltmp1:
	.loc	2 44 8 is_stmt 1        @ ../../../Library/Device/Nuvoton/NUC1262/Source/system_NUC1262.c:44:8
	ldr	r0, [sp, #8]
.Ltmp2:
	.loc	2 44 8 is_stmt 0        @ ../../../Library/Device/Nuvoton/NUC1262/Source/system_NUC1262.c:44:8
	cmp	r0, #2
	beq	.LBB0_2
	b	.LBB0_1
.LBB0_1:
.Ltmp3:
	.loc	2 47 34 is_stmt 1       @ ../../../Library/Device/Nuvoton/NUC1262/Source/system_NUC1262.c:47:34
	ldr	r0, [sp, #8]
	.loc	2 47 19 is_stmt 0       @ ../../../Library/Device/Nuvoton/NUC1262/Source/system_NUC1262.c:47:19
	lsls	r0, r0, #2
	ldr	r1, __arm_cp.0_2
	ldr	r0, [r1, r0]
	.loc	2 47 17                 @ ../../../Library/Device/Nuvoton/NUC1262/Source/system_NUC1262.c:47:17
	str	r0, [sp, #12]
	.loc	2 48 5 is_stmt 1        @ ../../../Library/Device/Nuvoton/NUC1262/Source/system_NUC1262.c:48:5
	b	.LBB0_3
.Ltmp4:
.LBB0_2:
	.loc	2 52 20                 @ ../../../Library/Device/Nuvoton/NUC1262/Source/system_NUC1262.c:52:20
	ldr	r0, __arm_cp.0_1
	ldr	r0, [r0]
	.loc	2 52 28 is_stmt 0       @ ../../../Library/Device/Nuvoton/NUC1262/Source/system_NUC1262.c:52:28
	lsrs	r0, r0, #1
	.loc	2 52 17                 @ ../../../Library/Device/Nuvoton/NUC1262/Source/system_NUC1262.c:52:17
	str	r0, [sp, #12]
	b	.LBB0_3
.Ltmp5:
.LBB0_3:
	.loc	2 55 24 is_stmt 1       @ ../../../Library/Device/Nuvoton/NUC1262/Source/system_NUC1262.c:55:24
	ldr	r0, __arm_cp.0_3
	ldr	r0, [r0]
	.loc	2 55 32 is_stmt 0       @ ../../../Library/Device/Nuvoton/NUC1262/Source/system_NUC1262.c:55:32
	movs	r1, #15
	ands	r0, r1
	.loc	2 55 59                 @ ../../../Library/Device/Nuvoton/NUC1262/Source/system_NUC1262.c:55:59
	adds	r0, r0, #1
	.loc	2 55 16                 @ ../../../Library/Device/Nuvoton/NUC1262/Source/system_NUC1262.c:55:16
	str	r0, [sp, #4]
	.loc	2 58 23 is_stmt 1       @ ../../../Library/Device/Nuvoton/NUC1262/Source/system_NUC1262.c:58:23
	ldr	r0, [sp, #12]
	.loc	2 58 33 is_stmt 0       @ ../../../Library/Device/Nuvoton/NUC1262/Source/system_NUC1262.c:58:33
	ldr	r1, [sp, #4]
	.loc	2 58 31                 @ ../../../Library/Device/Nuvoton/NUC1262/Source/system_NUC1262.c:58:31
	udiv	r0, r0, r1
	.loc	2 58 21                 @ ../../../Library/Device/Nuvoton/NUC1262/Source/system_NUC1262.c:58:21
	ldr	r1, __arm_cp.0_4
	str	r0, [r1]
	.loc	2 60 20 is_stmt 1       @ ../../../Library/Device/Nuvoton/NUC1262/Source/system_NUC1262.c:60:20
	ldr	r0, [r1]
	.loc	2 60 36 is_stmt 0       @ ../../../Library/Device/Nuvoton/NUC1262/Source/system_NUC1262.c:60:36
	ldr	r1, __arm_cp.0_5
	adds	r0, r0, r1
	.loc	2 60 46                 @ ../../../Library/Device/Nuvoton/NUC1262/Source/system_NUC1262.c:60:46
	ldr	r1, __arm_cp.0_6
	udiv	r0, r0, r1
	.loc	2 60 17                 @ ../../../Library/Device/Nuvoton/NUC1262/Source/system_NUC1262.c:60:17
	ldr	r1, __arm_cp.0_7
	str	r0, [r1]
	.loc	2 61 1 is_stmt 1        @ ../../../Library/Device/Nuvoton/NUC1262/Source/system_NUC1262.c:61:1
	add	sp, #16
	pop	{r7, pc}
.Ltmp6:
	.p2align	2
@ %bb.4:
	.loc	2 0 1 is_stmt 0         @ ../../../Library/Device/Nuvoton/NUC1262/Source/system_NUC1262.c:0:1
__arm_cp.0_0:
	.long	1342177808              @ 0x50000210
.Lcpi_end0:
	.size	__arm_cp.0_0, .Lcpi_end0-__arm_cp.0_0
__arm_cp.0_1:
	.long	PllClock
.Lcpi_end1:
	.size	__arm_cp.0_1, .Lcpi_end1-__arm_cp.0_1
__arm_cp.0_2:
	.long	gau32ClkSrcTbl
.Lcpi_end2:
	.size	__arm_cp.0_2, .Lcpi_end2-__arm_cp.0_2
__arm_cp.0_3:
	.long	1342177816              @ 0x50000218
.Lcpi_end3:
	.size	__arm_cp.0_3, .Lcpi_end3-__arm_cp.0_3
__arm_cp.0_4:
	.long	SystemCoreClock
.Lcpi_end4:
	.size	__arm_cp.0_4, .Lcpi_end4-__arm_cp.0_4
__arm_cp.0_5:
	.long	500000                  @ 0x7a120
.Lcpi_end5:
	.size	__arm_cp.0_5, .Lcpi_end5-__arm_cp.0_5
__arm_cp.0_6:
	.long	1000000                 @ 0xf4240
.Lcpi_end6:
	.size	__arm_cp.0_6, .Lcpi_end6-__arm_cp.0_6
__arm_cp.0_7:
	.long	CyclesPerUs
.Lcpi_end7:
	.size	__arm_cp.0_7, .Lcpi_end7-__arm_cp.0_7
.Lfunc_end0:
	.size	SystemCoreClockUpdate, .Lfunc_end0-SystemCoreClockUpdate
	.cfi_endproc
	.cantunwind
	.fnend
                                        @ -- End function
	.section	.text.CLK_GetPLLClockFreq,"ax",%progbits
	.p2align	2               @ -- Begin function CLK_GetPLLClockFreq
	.type	CLK_GetPLLClockFreq,%function
	.code	16                      @ @CLK_GetPLLClockFreq
	.thumb_func
CLK_GetPLLClockFreq:
.Lfunc_begin1:
	.file	4 "../../../Library/StdDriver/inc" "clk.h"
	.loc	4 371 0 is_stmt 1       @ ../../../Library/StdDriver/inc\clk.h:371:0
	.fnstart
	.cfi_startproc
@ %bb.0:
	.pad	#32
	sub	sp, #32
	.cfi_def_cfa_offset 32
	movs	r0, #0
.Ltmp7:
	.loc	4 372 14 prologue_end   @ ../../../Library/StdDriver/inc\clk.h:372:14
	str	r0, [sp, #24]
	.loc	4 374 13                @ ../../../Library/StdDriver/inc\clk.h:374:13
	ldr	r0, __arm_cp.1_0
	str	r0, [sp]
	.loc	4 376 22                @ ../../../Library/StdDriver/inc\clk.h:376:22
	ldr	r0, __arm_cp.1_1
	ldr	r0, [r0]
	.loc	4 376 15 is_stmt 0      @ ../../../Library/StdDriver/inc\clk.h:376:15
	str	r0, [sp, #20]
	add	r0, sp, #20
	.loc	4 378 8 is_stmt 1       @ ../../../Library/StdDriver/inc\clk.h:378:8
	ldrb	r0, [r0, #2]
	movs	r1, #5
	tst	r0, r1
	beq	.LBB1_2
	b	.LBB1_1
.LBB1_1:
.Ltmp8:
	.loc	4 379 9                 @ ../../../Library/StdDriver/inc\clk.h:379:9
	movs	r0, #0
	str	r0, [sp, #28]
	b	.LBB1_8
.Ltmp9:
.LBB1_2:
	.loc	4 0 9 is_stmt 0         @ ../../../Library/StdDriver/inc\clk.h:0:9
	add	r0, sp, #20
	.loc	4 381 8 is_stmt 1       @ ../../../Library/StdDriver/inc\clk.h:381:8
	ldrb	r0, [r0, #2]
	lsls	r0, r0, #28
	cmp	r0, #0
	bpl	.LBB1_4
	b	.LBB1_3
.LBB1_3:
.Ltmp10:
	.loc	4 382 16                @ ../../../Library/StdDriver/inc\clk.h:382:16
	ldr	r0, __arm_cp.1_3
	str	r0, [sp, #16]
	.loc	4 382 9 is_stmt 0       @ ../../../Library/StdDriver/inc\clk.h:382:9
	b	.LBB1_5
.LBB1_4:
	.loc	4 384 16 is_stmt 1      @ ../../../Library/StdDriver/inc\clk.h:384:16
	ldr	r0, __arm_cp.1_2
	str	r0, [sp, #16]
	b	.LBB1_5
.Ltmp11:
.LBB1_5:
	.loc	4 0 16 is_stmt 0        @ ../../../Library/StdDriver/inc\clk.h:0:16
	add	r0, sp, #20
	.loc	4 386 8 is_stmt 1       @ ../../../Library/StdDriver/inc\clk.h:386:8
	ldrb	r0, [r0, #2]
	lsls	r0, r0, #30
	cmp	r0, #0
	bpl	.LBB1_7
	b	.LBB1_6
.LBB1_6:
.Ltmp12:
	.loc	4 387 16                @ ../../../Library/StdDriver/inc\clk.h:387:16
	ldr	r0, [sp, #16]
	.loc	4 387 9 is_stmt 0       @ ../../../Library/StdDriver/inc\clk.h:387:9
	str	r0, [sp, #28]
	b	.LBB1_8
.Ltmp13:
.LBB1_7:
	.loc	4 390 24 is_stmt 1      @ ../../../Library/StdDriver/inc\clk.h:390:24
	ldr	r0, [sp, #20]
	.loc	4 390 34 is_stmt 0      @ ../../../Library/StdDriver/inc\clk.h:390:34
	movw	r1, #49152
	ands	r0, r1
	.loc	4 390 59                @ ../../../Library/StdDriver/inc\clk.h:390:59
	lsrs	r0, r0, #14
	mov	r1, sp
	.loc	4 390 13                @ ../../../Library/StdDriver/inc\clk.h:390:13
	orrs	r1, r0
	ldrb	r0, [r1]
	.loc	4 390 11                @ ../../../Library/StdDriver/inc\clk.h:390:11
	str	r0, [sp, #4]
	.loc	4 391 15 is_stmt 1      @ ../../../Library/StdDriver/inc\clk.h:391:15
	ldr	r0, [sp, #20]
	.loc	4 391 25 is_stmt 0      @ ../../../Library/StdDriver/inc\clk.h:391:25
	ldr	r1, __arm_cp.1_4
	ands	r0, r1
	.loc	4 391 74                @ ../../../Library/StdDriver/inc\clk.h:391:74
	adds	r0, r0, #2
	.loc	4 391 11                @ ../../../Library/StdDriver/inc\clk.h:391:11
	str	r0, [sp, #12]
	.loc	4 392 15 is_stmt 1      @ ../../../Library/StdDriver/inc\clk.h:392:15
	ldr	r0, [sp, #20]
	.loc	4 392 25 is_stmt 0      @ ../../../Library/StdDriver/inc\clk.h:392:25
	movw	r1, #15872
	ands	r0, r1
	.loc	4 392 49                @ ../../../Library/StdDriver/inc\clk.h:392:49
	lsrs	r0, r0, #9
	.loc	4 392 74                @ ../../../Library/StdDriver/inc\clk.h:392:74
	adds	r0, r0, #2
	.loc	4 392 11                @ ../../../Library/StdDriver/inc\clk.h:392:11
	str	r0, [sp, #8]
	.loc	4 395 21 is_stmt 1      @ ../../../Library/StdDriver/inc\clk.h:395:21
	ldr	r0, [sp, #16]
	.loc	4 395 28 is_stmt 0      @ ../../../Library/StdDriver/inc\clk.h:395:28
	lsrs	r0, r0, #2
	.loc	4 395 36                @ ../../../Library/StdDriver/inc\clk.h:395:36
	ldr	r1, [sp, #12]
	.loc	4 395 34                @ ../../../Library/StdDriver/inc\clk.h:395:34
	muls	r1, r0, r1
	.loc	4 395 46                @ ../../../Library/StdDriver/inc\clk.h:395:46
	ldr	r0, [sp, #8]
	.loc	4 395 54                @ ../../../Library/StdDriver/inc\clk.h:395:54
	ldr	r2, [sp, #4]
	.loc	4 395 52                @ ../../../Library/StdDriver/inc\clk.h:395:52
	muls	r2, r0, r2
	.loc	4 395 43                @ ../../../Library/StdDriver/inc\clk.h:395:43
	udiv	r0, r1, r2
	.loc	4 395 61                @ ../../../Library/StdDriver/inc\clk.h:395:61
	lsls	r0, r0, #2
	.loc	4 395 16                @ ../../../Library/StdDriver/inc\clk.h:395:16
	str	r0, [sp, #24]
	.loc	4 397 12 is_stmt 1      @ ../../../Library/StdDriver/inc\clk.h:397:12
	ldr	r0, [sp, #24]
	.loc	4 397 5 is_stmt 0       @ ../../../Library/StdDriver/inc\clk.h:397:5
	str	r0, [sp, #28]
	b	.LBB1_8
.LBB1_8:
	.loc	4 398 1 is_stmt 1       @ ../../../Library/StdDriver/inc\clk.h:398:1
	ldr	r0, [sp, #28]
	add	sp, #32
	bx	lr
.Ltmp14:
	.p2align	2
@ %bb.9:
	.loc	4 0 1 is_stmt 0         @ ../../../Library/StdDriver/inc\clk.h:0:1
__arm_cp.1_0:
	.long	67240449                @ 0x4020201
.Lcpi_end8:
	.size	__arm_cp.1_0, .Lcpi_end8-__arm_cp.1_0
__arm_cp.1_1:
	.long	1342177824              @ 0x50000220
.Lcpi_end9:
	.size	__arm_cp.1_1, .Lcpi_end9-__arm_cp.1_1
__arm_cp.1_2:
	.long	12000000                @ 0xb71b00
.Lcpi_end10:
	.size	__arm_cp.1_2, .Lcpi_end10-__arm_cp.1_2
__arm_cp.1_3:
	.long	24000000                @ 0x16e3600
.Lcpi_end11:
	.size	__arm_cp.1_3, .Lcpi_end11-__arm_cp.1_3
__arm_cp.1_4:
	.long	511                     @ 0x1ff
.Lcpi_end12:
	.size	__arm_cp.1_4, .Lcpi_end12-__arm_cp.1_4
.Lfunc_end1:
	.size	CLK_GetPLLClockFreq, .Lfunc_end1-CLK_GetPLLClockFreq
	.cfi_endproc
	.cantunwind
	.fnend
                                        @ -- End function
	.section	.text.SystemInit,"ax",%progbits
	.hidden	SystemInit              @ -- Begin function SystemInit
	.globl	SystemInit
	.p2align	1
	.type	SystemInit,%function
	.code	16                      @ @SystemInit
	.thumb_func
SystemInit:
.Lfunc_begin2:
	.loc	2 74 0 is_stmt 1        @ ../../../Library/Device/Nuvoton/NUC1262/Source/system_NUC1262.c:74:0
	.fnstart
	.cfi_startproc
@ %bb.0:
	.loc	2 122 1 prologue_end    @ ../../../Library/Device/Nuvoton/NUC1262/Source/system_NUC1262.c:122:1
	bx	lr
.Ltmp15:
.Lfunc_end2:
	.size	SystemInit, .Lfunc_end2-SystemInit
	.cfi_endproc
	.cantunwind
	.fnend
                                        @ -- End function
	.hidden	SystemCoreClock         @ @SystemCoreClock
	.type	SystemCoreClock,%object
	.section	.data.SystemCoreClock,"aw",%progbits
	.globl	SystemCoreClock
	.p2align	2
SystemCoreClock:
	.long	144000000               @ 0x8954400
	.size	SystemCoreClock, 4

	.hidden	CyclesPerUs             @ @CyclesPerUs
	.type	CyclesPerUs,%object
	.section	.data.CyclesPerUs,"aw",%progbits
	.globl	CyclesPerUs
	.p2align	2
CyclesPerUs:
	.long	144                     @ 0x90
	.size	CyclesPerUs, 4

	.hidden	PllClock                @ @PllClock
	.type	PllClock,%object
	.section	.data.PllClock,"aw",%progbits
	.globl	PllClock
	.p2align	2
PllClock:
	.long	144000000               @ 0x8954400
	.size	PllClock, 4

	.hidden	gau32ClkSrcTbl          @ @gau32ClkSrcTbl
	.type	gau32ClkSrcTbl,%object
	.section	.rodata.gau32ClkSrcTbl,"a",%progbits
	.globl	gau32ClkSrcTbl
	.p2align	2
gau32ClkSrcTbl:
	.long	12000000                @ 0xb71b00
	.long	32768                   @ 0x8000
	.long	144000000               @ 0x8954400
	.long	10000                   @ 0x2710
	.long	48000000                @ 0x2dc6c00
	.long	0                       @ 0x0
	.long	0                       @ 0x0
	.long	24000000                @ 0x16e3600
	.size	gau32ClkSrcTbl, 32

	.type	.LCLK_GetPLLClockFreq.au8NoTbl,%object @ @CLK_GetPLLClockFreq.au8NoTbl
	.section	.rodata.cst4,"aM",%progbits,4
.LCLK_GetPLLClockFreq.au8NoTbl:
	.ascii	"\001\002\002\004"
	.size	.LCLK_GetPLLClockFreq.au8NoTbl, 4

	.section	.debug_str,"MS",%progbits,1
.Linfo_string0:
	.asciz	"Component: ARM Compiler 6.10.1 Tool: armclang [5d143200]" @ string offset=0
.Linfo_string1:
	.asciz	"../../../Library/Device/Nuvoton/NUC1262/Source\\system_NUC1262.c" @ string offset=57
.Linfo_string2:
	.asciz	"D:\\SourceCode\\_Avery_NUC1262\\NUC1262BSP_LLSI_RGBLED\\SampleCode\\Template\\Keil" @ string offset=121
.Linfo_string3:
	.asciz	"SystemCoreClock"       @ string offset=198
.Linfo_string4:
	.asciz	"unsigned int"          @ string offset=214
.Linfo_string5:
	.asciz	"uint32_t"              @ string offset=227
.Linfo_string6:
	.asciz	"CyclesPerUs"           @ string offset=236
.Linfo_string7:
	.asciz	"PllClock"              @ string offset=248
.Linfo_string8:
	.asciz	"gau32ClkSrcTbl"        @ string offset=257
.Linfo_string9:
	.asciz	"sizetype"              @ string offset=272
.Linfo_string10:
	.asciz	"PWRCTL"                @ string offset=281
.Linfo_string11:
	.asciz	"AHBCLK"                @ string offset=288
.Linfo_string12:
	.asciz	"APBCLK0"               @ string offset=295
.Linfo_string13:
	.asciz	"STATUS"                @ string offset=303
.Linfo_string14:
	.asciz	"CLKSEL0"               @ string offset=310
.Linfo_string15:
	.asciz	"CLKSEL1"               @ string offset=318
.Linfo_string16:
	.asciz	"CLKDIV0"               @ string offset=326
.Linfo_string17:
	.asciz	"CLKSEL2"               @ string offset=334
.Linfo_string18:
	.asciz	"PLLCTL"                @ string offset=342
.Linfo_string19:
	.asciz	"CLKOCTL"               @ string offset=349
.Linfo_string20:
	.asciz	"RESERVE0"              @ string offset=357
.Linfo_string21:
	.asciz	"APBCLK1"               @ string offset=366
.Linfo_string22:
	.asciz	"CLKSEL3"               @ string offset=374
.Linfo_string23:
	.asciz	"CLKDIV1"               @ string offset=382
.Linfo_string24:
	.asciz	"RESERVE1"              @ string offset=390
.Linfo_string25:
	.asciz	"BODCLK"                @ string offset=399
.Linfo_string26:
	.asciz	"RESERVE2"              @ string offset=406
.Linfo_string27:
	.asciz	"CLKDCTL"               @ string offset=415
.Linfo_string28:
	.asciz	"CLKDSTS"               @ string offset=423
.Linfo_string29:
	.asciz	"CDUPB"                 @ string offset=431
.Linfo_string30:
	.asciz	"CDLOWB"                @ string offset=437
.Linfo_string31:
	.asciz	"CLK_T"                 @ string offset=444
.Linfo_string32:
	.asciz	"SystemCoreClockUpdate" @ string offset=450
.Linfo_string33:
	.asciz	"CLK_GetPLLClockFreq"   @ string offset=472
.Linfo_string34:
	.asciz	"SystemInit"            @ string offset=492
.Linfo_string35:
	.asciz	"u32Freq"               @ string offset=503
.Linfo_string36:
	.asciz	"u32ClkSrc"             @ string offset=511
.Linfo_string37:
	.asciz	"u32HclkDiv"            @ string offset=521
.Linfo_string38:
	.asciz	"u32PllFreq"            @ string offset=532
.Linfo_string39:
	.asciz	"u32PllReg"             @ string offset=543
.Linfo_string40:
	.asciz	"u32FIN"                @ string offset=553
.Linfo_string41:
	.asciz	"u32NF"                 @ string offset=560
.Linfo_string42:
	.asciz	"u32NR"                 @ string offset=566
.Linfo_string43:
	.asciz	"u32NO"                 @ string offset=572
.Linfo_string44:
	.asciz	"au8NoTbl"              @ string offset=578
.Linfo_string45:
	.asciz	"unsigned char"         @ string offset=587
.Linfo_string46:
	.asciz	"uint8_t"               @ string offset=601
	.section	.debug_abbrev,"",%progbits
	.byte	1                       @ Abbreviation Code
	.byte	17                      @ DW_TAG_compile_unit
	.byte	1                       @ DW_CHILDREN_yes
	.byte	37                      @ DW_AT_producer
	.byte	14                      @ DW_FORM_strp
	.byte	19                      @ DW_AT_language
	.byte	5                       @ DW_FORM_data2
	.byte	3                       @ DW_AT_name
	.byte	14                      @ DW_FORM_strp
	.byte	16                      @ DW_AT_stmt_list
	.byte	6                       @ DW_FORM_data4
	.byte	27                      @ DW_AT_comp_dir
	.byte	14                      @ DW_FORM_strp
	.ascii	"\264B"                 @ DW_AT_GNU_pubnames
	.byte	12                      @ DW_FORM_flag
	.byte	17                      @ DW_AT_low_pc
	.byte	1                       @ DW_FORM_addr
	.byte	85                      @ DW_AT_ranges
	.byte	6                       @ DW_FORM_data4
	.byte	0                       @ EOM(1)
	.byte	0                       @ EOM(2)
	.byte	2                       @ Abbreviation Code
	.byte	52                      @ DW_TAG_variable
	.byte	0                       @ DW_CHILDREN_no
	.byte	3                       @ DW_AT_name
	.byte	14                      @ DW_FORM_strp
	.byte	73                      @ DW_AT_type
	.byte	19                      @ DW_FORM_ref4
	.byte	63                      @ DW_AT_external
	.byte	12                      @ DW_FORM_flag
	.byte	58                      @ DW_AT_decl_file
	.byte	11                      @ DW_FORM_data1
	.byte	59                      @ DW_AT_decl_line
	.byte	11                      @ DW_FORM_data1
	.byte	2                       @ DW_AT_location
	.byte	10                      @ DW_FORM_block1
	.byte	0                       @ EOM(1)
	.byte	0                       @ EOM(2)
	.byte	3                       @ Abbreviation Code
	.byte	22                      @ DW_TAG_typedef
	.byte	0                       @ DW_CHILDREN_no
	.byte	73                      @ DW_AT_type
	.byte	19                      @ DW_FORM_ref4
	.byte	3                       @ DW_AT_name
	.byte	14                      @ DW_FORM_strp
	.byte	58                      @ DW_AT_decl_file
	.byte	11                      @ DW_FORM_data1
	.byte	59                      @ DW_AT_decl_line
	.byte	11                      @ DW_FORM_data1
	.byte	0                       @ EOM(1)
	.byte	0                       @ EOM(2)
	.byte	4                       @ Abbreviation Code
	.byte	36                      @ DW_TAG_base_type
	.byte	0                       @ DW_CHILDREN_no
	.byte	3                       @ DW_AT_name
	.byte	14                      @ DW_FORM_strp
	.byte	62                      @ DW_AT_encoding
	.byte	11                      @ DW_FORM_data1
	.byte	11                      @ DW_AT_byte_size
	.byte	11                      @ DW_FORM_data1
	.byte	0                       @ EOM(1)
	.byte	0                       @ EOM(2)
	.byte	5                       @ Abbreviation Code
	.byte	1                       @ DW_TAG_array_type
	.byte	1                       @ DW_CHILDREN_yes
	.byte	73                      @ DW_AT_type
	.byte	19                      @ DW_FORM_ref4
	.byte	0                       @ EOM(1)
	.byte	0                       @ EOM(2)
	.byte	6                       @ Abbreviation Code
	.byte	33                      @ DW_TAG_subrange_type
	.byte	0                       @ DW_CHILDREN_no
	.byte	73                      @ DW_AT_type
	.byte	19                      @ DW_FORM_ref4
	.byte	55                      @ DW_AT_count
	.byte	11                      @ DW_FORM_data1
	.byte	0                       @ EOM(1)
	.byte	0                       @ EOM(2)
	.byte	7                       @ Abbreviation Code
	.byte	38                      @ DW_TAG_const_type
	.byte	0                       @ DW_CHILDREN_no
	.byte	73                      @ DW_AT_type
	.byte	19                      @ DW_FORM_ref4
	.byte	0                       @ EOM(1)
	.byte	0                       @ EOM(2)
	.byte	8                       @ Abbreviation Code
	.byte	36                      @ DW_TAG_base_type
	.byte	0                       @ DW_CHILDREN_no
	.byte	3                       @ DW_AT_name
	.byte	14                      @ DW_FORM_strp
	.byte	11                      @ DW_AT_byte_size
	.byte	11                      @ DW_FORM_data1
	.byte	62                      @ DW_AT_encoding
	.byte	11                      @ DW_FORM_data1
	.byte	0                       @ EOM(1)
	.byte	0                       @ EOM(2)
	.byte	9                       @ Abbreviation Code
	.byte	15                      @ DW_TAG_pointer_type
	.byte	0                       @ DW_CHILDREN_no
	.byte	73                      @ DW_AT_type
	.byte	19                      @ DW_FORM_ref4
	.byte	0                       @ EOM(1)
	.byte	0                       @ EOM(2)
	.byte	10                      @ Abbreviation Code
	.byte	22                      @ DW_TAG_typedef
	.byte	0                       @ DW_CHILDREN_no
	.byte	73                      @ DW_AT_type
	.byte	19                      @ DW_FORM_ref4
	.byte	3                       @ DW_AT_name
	.byte	14                      @ DW_FORM_strp
	.byte	58                      @ DW_AT_decl_file
	.byte	11                      @ DW_FORM_data1
	.byte	59                      @ DW_AT_decl_line
	.byte	5                       @ DW_FORM_data2
	.byte	0                       @ EOM(1)
	.byte	0                       @ EOM(2)
	.byte	11                      @ Abbreviation Code
	.byte	19                      @ DW_TAG_structure_type
	.byte	1                       @ DW_CHILDREN_yes
	.byte	11                      @ DW_AT_byte_size
	.byte	11                      @ DW_FORM_data1
	.byte	58                      @ DW_AT_decl_file
	.byte	11                      @ DW_FORM_data1
	.byte	59                      @ DW_AT_decl_line
	.byte	5                       @ DW_FORM_data2
	.byte	0                       @ EOM(1)
	.byte	0                       @ EOM(2)
	.byte	12                      @ Abbreviation Code
	.byte	13                      @ DW_TAG_member
	.byte	0                       @ DW_CHILDREN_no
	.byte	3                       @ DW_AT_name
	.byte	14                      @ DW_FORM_strp
	.byte	73                      @ DW_AT_type
	.byte	19                      @ DW_FORM_ref4
	.byte	58                      @ DW_AT_decl_file
	.byte	11                      @ DW_FORM_data1
	.byte	59                      @ DW_AT_decl_line
	.byte	5                       @ DW_FORM_data2
	.byte	56                      @ DW_AT_data_member_location
	.byte	11                      @ DW_FORM_data1
	.byte	0                       @ EOM(1)
	.byte	0                       @ EOM(2)
	.byte	13                      @ Abbreviation Code
	.byte	53                      @ DW_TAG_volatile_type
	.byte	0                       @ DW_CHILDREN_no
	.byte	73                      @ DW_AT_type
	.byte	19                      @ DW_FORM_ref4
	.byte	0                       @ EOM(1)
	.byte	0                       @ EOM(2)
	.byte	14                      @ Abbreviation Code
	.byte	46                      @ DW_TAG_subprogram
	.byte	1                       @ DW_CHILDREN_yes
	.byte	17                      @ DW_AT_low_pc
	.byte	1                       @ DW_FORM_addr
	.byte	18                      @ DW_AT_high_pc
	.byte	1                       @ DW_FORM_addr
	.byte	64                      @ DW_AT_frame_base
	.byte	10                      @ DW_FORM_block1
	.byte	3                       @ DW_AT_name
	.byte	14                      @ DW_FORM_strp
	.byte	58                      @ DW_AT_decl_file
	.byte	11                      @ DW_FORM_data1
	.byte	59                      @ DW_AT_decl_line
	.byte	11                      @ DW_FORM_data1
	.byte	39                      @ DW_AT_prototyped
	.byte	12                      @ DW_FORM_flag
	.byte	63                      @ DW_AT_external
	.byte	12                      @ DW_FORM_flag
	.byte	0                       @ EOM(1)
	.byte	0                       @ EOM(2)
	.byte	15                      @ Abbreviation Code
	.byte	52                      @ DW_TAG_variable
	.byte	0                       @ DW_CHILDREN_no
	.byte	2                       @ DW_AT_location
	.byte	10                      @ DW_FORM_block1
	.byte	3                       @ DW_AT_name
	.byte	14                      @ DW_FORM_strp
	.byte	58                      @ DW_AT_decl_file
	.byte	11                      @ DW_FORM_data1
	.byte	59                      @ DW_AT_decl_line
	.byte	11                      @ DW_FORM_data1
	.byte	73                      @ DW_AT_type
	.byte	19                      @ DW_FORM_ref4
	.byte	0                       @ EOM(1)
	.byte	0                       @ EOM(2)
	.byte	16                      @ Abbreviation Code
	.byte	46                      @ DW_TAG_subprogram
	.byte	1                       @ DW_CHILDREN_yes
	.byte	17                      @ DW_AT_low_pc
	.byte	1                       @ DW_FORM_addr
	.byte	18                      @ DW_AT_high_pc
	.byte	1                       @ DW_FORM_addr
	.byte	64                      @ DW_AT_frame_base
	.byte	10                      @ DW_FORM_block1
	.byte	3                       @ DW_AT_name
	.byte	14                      @ DW_FORM_strp
	.byte	58                      @ DW_AT_decl_file
	.byte	11                      @ DW_FORM_data1
	.byte	59                      @ DW_AT_decl_line
	.byte	5                       @ DW_FORM_data2
	.byte	39                      @ DW_AT_prototyped
	.byte	12                      @ DW_FORM_flag
	.byte	73                      @ DW_AT_type
	.byte	19                      @ DW_FORM_ref4
	.byte	0                       @ EOM(1)
	.byte	0                       @ EOM(2)
	.byte	17                      @ Abbreviation Code
	.byte	52                      @ DW_TAG_variable
	.byte	0                       @ DW_CHILDREN_no
	.byte	2                       @ DW_AT_location
	.byte	10                      @ DW_FORM_block1
	.byte	3                       @ DW_AT_name
	.byte	14                      @ DW_FORM_strp
	.byte	58                      @ DW_AT_decl_file
	.byte	11                      @ DW_FORM_data1
	.byte	59                      @ DW_AT_decl_line
	.byte	5                       @ DW_FORM_data2
	.byte	73                      @ DW_AT_type
	.byte	19                      @ DW_FORM_ref4
	.byte	0                       @ EOM(1)
	.byte	0                       @ EOM(2)
	.byte	18                      @ Abbreviation Code
	.byte	46                      @ DW_TAG_subprogram
	.byte	0                       @ DW_CHILDREN_no
	.byte	17                      @ DW_AT_low_pc
	.byte	1                       @ DW_FORM_addr
	.byte	18                      @ DW_AT_high_pc
	.byte	1                       @ DW_FORM_addr
	.byte	64                      @ DW_AT_frame_base
	.byte	10                      @ DW_FORM_block1
	.byte	3                       @ DW_AT_name
	.byte	14                      @ DW_FORM_strp
	.byte	58                      @ DW_AT_decl_file
	.byte	11                      @ DW_FORM_data1
	.byte	59                      @ DW_AT_decl_line
	.byte	11                      @ DW_FORM_data1
	.byte	39                      @ DW_AT_prototyped
	.byte	12                      @ DW_FORM_flag
	.byte	63                      @ DW_AT_external
	.byte	12                      @ DW_FORM_flag
	.byte	0                       @ EOM(1)
	.byte	0                       @ EOM(2)
	.byte	0                       @ EOM(3)
	.section	.debug_info,"",%progbits
.Lcu_begin0:
	.long	732                     @ Length of Unit
	.short	3                       @ DWARF version number
	.long	.debug_abbrev           @ Offset Into Abbrev. Section
	.byte	4                       @ Address Size (in bytes)
	.byte	1                       @ Abbrev [1] 0xb:0x2d5 DW_TAG_compile_unit
	.long	.Linfo_string0          @ DW_AT_producer
	.short	1                       @ DW_AT_language
	.long	.Linfo_string1          @ DW_AT_name
	.long	.Lline_table_start0     @ DW_AT_stmt_list
	.long	.Linfo_string2          @ DW_AT_comp_dir
	.byte	1                       @ DW_AT_GNU_pubnames
	.long	0                       @ DW_AT_low_pc
	.long	.Ldebug_ranges0         @ DW_AT_ranges
	.byte	2                       @ Abbrev [2] 0x27:0x12 DW_TAG_variable
	.long	.Linfo_string3          @ DW_AT_name
	.long	57                      @ DW_AT_type
	.byte	1                       @ DW_AT_external
	.byte	2                       @ DW_AT_decl_file
	.byte	18                      @ DW_AT_decl_line
	.byte	5                       @ DW_AT_location
	.byte	3
	.long	SystemCoreClock
	.byte	3                       @ Abbrev [3] 0x39:0xb DW_TAG_typedef
	.long	68                      @ DW_AT_type
	.long	.Linfo_string5          @ DW_AT_name
	.byte	1                       @ DW_AT_decl_file
	.byte	64                      @ DW_AT_decl_line
	.byte	4                       @ Abbrev [4] 0x44:0x7 DW_TAG_base_type
	.long	.Linfo_string4          @ DW_AT_name
	.byte	7                       @ DW_AT_encoding
	.byte	4                       @ DW_AT_byte_size
	.byte	2                       @ Abbrev [2] 0x4b:0x12 DW_TAG_variable
	.long	.Linfo_string6          @ DW_AT_name
	.long	57                      @ DW_AT_type
	.byte	1                       @ DW_AT_external
	.byte	2                       @ DW_AT_decl_file
	.byte	19                      @ DW_AT_decl_line
	.byte	5                       @ DW_AT_location
	.byte	3
	.long	CyclesPerUs
	.byte	2                       @ Abbrev [2] 0x5d:0x12 DW_TAG_variable
	.long	.Linfo_string7          @ DW_AT_name
	.long	57                      @ DW_AT_type
	.byte	1                       @ DW_AT_external
	.byte	2                       @ DW_AT_decl_file
	.byte	20                      @ DW_AT_decl_line
	.byte	5                       @ DW_AT_location
	.byte	3
	.long	PllClock
	.byte	2                       @ Abbrev [2] 0x6f:0x12 DW_TAG_variable
	.long	.Linfo_string8          @ DW_AT_name
	.long	129                     @ DW_AT_type
	.byte	1                       @ DW_AT_external
	.byte	2                       @ DW_AT_decl_file
	.byte	21                      @ DW_AT_decl_line
	.byte	5                       @ DW_AT_location
	.byte	3
	.long	gau32ClkSrcTbl
	.byte	5                       @ Abbrev [5] 0x81:0xc DW_TAG_array_type
	.long	141                     @ DW_AT_type
	.byte	6                       @ Abbrev [6] 0x86:0x6 DW_TAG_subrange_type
	.long	146                     @ DW_AT_type
	.byte	8                       @ DW_AT_count
	.byte	0                       @ End Of Children Mark
	.byte	7                       @ Abbrev [7] 0x8d:0x5 DW_TAG_const_type
	.long	57                      @ DW_AT_type
	.byte	8                       @ Abbrev [8] 0x92:0x7 DW_TAG_base_type
	.long	.Linfo_string9          @ DW_AT_name
	.byte	8                       @ DW_AT_byte_size
	.byte	7                       @ DW_AT_encoding
	.byte	9                       @ Abbrev [9] 0x99:0x5 DW_TAG_pointer_type
	.long	158                     @ DW_AT_type
	.byte	10                      @ Abbrev [10] 0x9e:0xc DW_TAG_typedef
	.long	170                     @ DW_AT_type
	.long	.Linfo_string31         @ DW_AT_name
	.byte	3                       @ DW_AT_decl_file
	.short	992                     @ DW_AT_decl_line
	.byte	11                      @ Abbrev [11] 0xaa:0x117 DW_TAG_structure_type
	.byte	128                     @ DW_AT_byte_size
	.byte	3                       @ DW_AT_decl_file
	.short	490                     @ DW_AT_decl_line
	.byte	12                      @ Abbrev [12] 0xaf:0xd DW_TAG_member
	.long	.Linfo_string10         @ DW_AT_name
	.long	449                     @ DW_AT_type
	.byte	3                       @ DW_AT_decl_file
	.short	969                     @ DW_AT_decl_line
	.byte	0                       @ DW_AT_data_member_location
	.byte	12                      @ Abbrev [12] 0xbc:0xd DW_TAG_member
	.long	.Linfo_string11         @ DW_AT_name
	.long	449                     @ DW_AT_type
	.byte	3                       @ DW_AT_decl_file
	.short	970                     @ DW_AT_decl_line
	.byte	4                       @ DW_AT_data_member_location
	.byte	12                      @ Abbrev [12] 0xc9:0xd DW_TAG_member
	.long	.Linfo_string12         @ DW_AT_name
	.long	449                     @ DW_AT_type
	.byte	3                       @ DW_AT_decl_file
	.short	971                     @ DW_AT_decl_line
	.byte	8                       @ DW_AT_data_member_location
	.byte	12                      @ Abbrev [12] 0xd6:0xd DW_TAG_member
	.long	.Linfo_string13         @ DW_AT_name
	.long	454                     @ DW_AT_type
	.byte	3                       @ DW_AT_decl_file
	.short	972                     @ DW_AT_decl_line
	.byte	12                      @ DW_AT_data_member_location
	.byte	12                      @ Abbrev [12] 0xe3:0xd DW_TAG_member
	.long	.Linfo_string14         @ DW_AT_name
	.long	449                     @ DW_AT_type
	.byte	3                       @ DW_AT_decl_file
	.short	973                     @ DW_AT_decl_line
	.byte	16                      @ DW_AT_data_member_location
	.byte	12                      @ Abbrev [12] 0xf0:0xd DW_TAG_member
	.long	.Linfo_string15         @ DW_AT_name
	.long	449                     @ DW_AT_type
	.byte	3                       @ DW_AT_decl_file
	.short	974                     @ DW_AT_decl_line
	.byte	20                      @ DW_AT_data_member_location
	.byte	12                      @ Abbrev [12] 0xfd:0xd DW_TAG_member
	.long	.Linfo_string16         @ DW_AT_name
	.long	449                     @ DW_AT_type
	.byte	3                       @ DW_AT_decl_file
	.short	975                     @ DW_AT_decl_line
	.byte	24                      @ DW_AT_data_member_location
	.byte	12                      @ Abbrev [12] 0x10a:0xd DW_TAG_member
	.long	.Linfo_string17         @ DW_AT_name
	.long	449                     @ DW_AT_type
	.byte	3                       @ DW_AT_decl_file
	.short	976                     @ DW_AT_decl_line
	.byte	28                      @ DW_AT_data_member_location
	.byte	12                      @ Abbrev [12] 0x117:0xd DW_TAG_member
	.long	.Linfo_string18         @ DW_AT_name
	.long	449                     @ DW_AT_type
	.byte	3                       @ DW_AT_decl_file
	.short	977                     @ DW_AT_decl_line
	.byte	32                      @ DW_AT_data_member_location
	.byte	12                      @ Abbrev [12] 0x124:0xd DW_TAG_member
	.long	.Linfo_string19         @ DW_AT_name
	.long	449                     @ DW_AT_type
	.byte	3                       @ DW_AT_decl_file
	.short	978                     @ DW_AT_decl_line
	.byte	36                      @ DW_AT_data_member_location
	.byte	12                      @ Abbrev [12] 0x131:0xd DW_TAG_member
	.long	.Linfo_string20         @ DW_AT_name
	.long	459                     @ DW_AT_type
	.byte	3                       @ DW_AT_decl_file
	.short	979                     @ DW_AT_decl_line
	.byte	40                      @ DW_AT_data_member_location
	.byte	12                      @ Abbrev [12] 0x13e:0xd DW_TAG_member
	.long	.Linfo_string21         @ DW_AT_name
	.long	449                     @ DW_AT_type
	.byte	3                       @ DW_AT_decl_file
	.short	980                     @ DW_AT_decl_line
	.byte	48                      @ DW_AT_data_member_location
	.byte	12                      @ Abbrev [12] 0x14b:0xd DW_TAG_member
	.long	.Linfo_string22         @ DW_AT_name
	.long	449                     @ DW_AT_type
	.byte	3                       @ DW_AT_decl_file
	.short	981                     @ DW_AT_decl_line
	.byte	52                      @ DW_AT_data_member_location
	.byte	12                      @ Abbrev [12] 0x158:0xd DW_TAG_member
	.long	.Linfo_string23         @ DW_AT_name
	.long	449                     @ DW_AT_type
	.byte	3                       @ DW_AT_decl_file
	.short	982                     @ DW_AT_decl_line
	.byte	56                      @ DW_AT_data_member_location
	.byte	12                      @ Abbrev [12] 0x165:0xd DW_TAG_member
	.long	.Linfo_string24         @ DW_AT_name
	.long	471                     @ DW_AT_type
	.byte	3                       @ DW_AT_decl_file
	.short	983                     @ DW_AT_decl_line
	.byte	60                      @ DW_AT_data_member_location
	.byte	12                      @ Abbrev [12] 0x172:0xd DW_TAG_member
	.long	.Linfo_string25         @ DW_AT_name
	.long	449                     @ DW_AT_type
	.byte	3                       @ DW_AT_decl_file
	.short	984                     @ DW_AT_decl_line
	.byte	64                      @ DW_AT_data_member_location
	.byte	12                      @ Abbrev [12] 0x17f:0xd DW_TAG_member
	.long	.Linfo_string26         @ DW_AT_name
	.long	483                     @ DW_AT_type
	.byte	3                       @ DW_AT_decl_file
	.short	985                     @ DW_AT_decl_line
	.byte	68                      @ DW_AT_data_member_location
	.byte	12                      @ Abbrev [12] 0x18c:0xd DW_TAG_member
	.long	.Linfo_string27         @ DW_AT_name
	.long	449                     @ DW_AT_type
	.byte	3                       @ DW_AT_decl_file
	.short	986                     @ DW_AT_decl_line
	.byte	112                     @ DW_AT_data_member_location
	.byte	12                      @ Abbrev [12] 0x199:0xd DW_TAG_member
	.long	.Linfo_string28         @ DW_AT_name
	.long	449                     @ DW_AT_type
	.byte	3                       @ DW_AT_decl_file
	.short	987                     @ DW_AT_decl_line
	.byte	116                     @ DW_AT_data_member_location
	.byte	12                      @ Abbrev [12] 0x1a6:0xd DW_TAG_member
	.long	.Linfo_string29         @ DW_AT_name
	.long	449                     @ DW_AT_type
	.byte	3                       @ DW_AT_decl_file
	.short	988                     @ DW_AT_decl_line
	.byte	120                     @ DW_AT_data_member_location
	.byte	12                      @ Abbrev [12] 0x1b3:0xd DW_TAG_member
	.long	.Linfo_string30         @ DW_AT_name
	.long	449                     @ DW_AT_type
	.byte	3                       @ DW_AT_decl_file
	.short	989                     @ DW_AT_decl_line
	.byte	124                     @ DW_AT_data_member_location
	.byte	0                       @ End Of Children Mark
	.byte	13                      @ Abbrev [13] 0x1c1:0x5 DW_TAG_volatile_type
	.long	57                      @ DW_AT_type
	.byte	7                       @ Abbrev [7] 0x1c6:0x5 DW_TAG_const_type
	.long	449                     @ DW_AT_type
	.byte	5                       @ Abbrev [5] 0x1cb:0xc DW_TAG_array_type
	.long	454                     @ DW_AT_type
	.byte	6                       @ Abbrev [6] 0x1d0:0x6 DW_TAG_subrange_type
	.long	146                     @ DW_AT_type
	.byte	2                       @ DW_AT_count
	.byte	0                       @ End Of Children Mark
	.byte	5                       @ Abbrev [5] 0x1d7:0xc DW_TAG_array_type
	.long	454                     @ DW_AT_type
	.byte	6                       @ Abbrev [6] 0x1dc:0x6 DW_TAG_subrange_type
	.long	146                     @ DW_AT_type
	.byte	1                       @ DW_AT_count
	.byte	0                       @ End Of Children Mark
	.byte	5                       @ Abbrev [5] 0x1e3:0xc DW_TAG_array_type
	.long	454                     @ DW_AT_type
	.byte	6                       @ Abbrev [6] 0x1e8:0x6 DW_TAG_subrange_type
	.long	146                     @ DW_AT_type
	.byte	11                      @ DW_AT_count
	.byte	0                       @ End Of Children Mark
	.byte	14                      @ Abbrev [14] 0x1ef:0x3e DW_TAG_subprogram
	.long	.Lfunc_begin0           @ DW_AT_low_pc
	.long	.Lfunc_end0             @ DW_AT_high_pc
	.byte	1                       @ DW_AT_frame_base
	.byte	93
	.long	.Linfo_string32         @ DW_AT_name
	.byte	2                       @ DW_AT_decl_file
	.byte	34                      @ DW_AT_decl_line
	.byte	1                       @ DW_AT_prototyped
	.byte	1                       @ DW_AT_external
	.byte	15                      @ Abbrev [15] 0x202:0xe DW_TAG_variable
	.byte	2                       @ DW_AT_location
	.byte	145
	.byte	12
	.long	.Linfo_string35         @ DW_AT_name
	.byte	2                       @ DW_AT_decl_file
	.byte	36                      @ DW_AT_decl_line
	.long	57                      @ DW_AT_type
	.byte	15                      @ Abbrev [15] 0x210:0xe DW_TAG_variable
	.byte	2                       @ DW_AT_location
	.byte	145
	.byte	8
	.long	.Linfo_string36         @ DW_AT_name
	.byte	2                       @ DW_AT_decl_file
	.byte	36                      @ DW_AT_decl_line
	.long	57                      @ DW_AT_type
	.byte	15                      @ Abbrev [15] 0x21e:0xe DW_TAG_variable
	.byte	2                       @ DW_AT_location
	.byte	145
	.byte	4
	.long	.Linfo_string37         @ DW_AT_name
	.byte	2                       @ DW_AT_decl_file
	.byte	37                      @ DW_AT_decl_line
	.long	57                      @ DW_AT_type
	.byte	0                       @ End Of Children Mark
	.byte	16                      @ Abbrev [16] 0x22d:0x81 DW_TAG_subprogram
	.long	.Lfunc_begin1           @ DW_AT_low_pc
	.long	.Lfunc_end1             @ DW_AT_high_pc
	.byte	1                       @ DW_AT_frame_base
	.byte	93
	.long	.Linfo_string33         @ DW_AT_name
	.byte	4                       @ DW_AT_decl_file
	.short	370                     @ DW_AT_decl_line
	.byte	1                       @ DW_AT_prototyped
	.long	57                      @ DW_AT_type
	.byte	17                      @ Abbrev [17] 0x244:0xf DW_TAG_variable
	.byte	2                       @ DW_AT_location
	.byte	145
	.byte	24
	.long	.Linfo_string38         @ DW_AT_name
	.byte	4                       @ DW_AT_decl_file
	.short	372                     @ DW_AT_decl_line
	.long	57                      @ DW_AT_type
	.byte	17                      @ Abbrev [17] 0x253:0xf DW_TAG_variable
	.byte	2                       @ DW_AT_location
	.byte	145
	.byte	20
	.long	.Linfo_string39         @ DW_AT_name
	.byte	4                       @ DW_AT_decl_file
	.short	372                     @ DW_AT_decl_line
	.long	57                      @ DW_AT_type
	.byte	17                      @ Abbrev [17] 0x262:0xf DW_TAG_variable
	.byte	2                       @ DW_AT_location
	.byte	145
	.byte	16
	.long	.Linfo_string40         @ DW_AT_name
	.byte	4                       @ DW_AT_decl_file
	.short	373                     @ DW_AT_decl_line
	.long	57                      @ DW_AT_type
	.byte	17                      @ Abbrev [17] 0x271:0xf DW_TAG_variable
	.byte	2                       @ DW_AT_location
	.byte	145
	.byte	12
	.long	.Linfo_string41         @ DW_AT_name
	.byte	4                       @ DW_AT_decl_file
	.short	373                     @ DW_AT_decl_line
	.long	57                      @ DW_AT_type
	.byte	17                      @ Abbrev [17] 0x280:0xf DW_TAG_variable
	.byte	2                       @ DW_AT_location
	.byte	145
	.byte	8
	.long	.Linfo_string42         @ DW_AT_name
	.byte	4                       @ DW_AT_decl_file
	.short	373                     @ DW_AT_decl_line
	.long	57                      @ DW_AT_type
	.byte	17                      @ Abbrev [17] 0x28f:0xf DW_TAG_variable
	.byte	2                       @ DW_AT_location
	.byte	145
	.byte	4
	.long	.Linfo_string43         @ DW_AT_name
	.byte	4                       @ DW_AT_decl_file
	.short	373                     @ DW_AT_decl_line
	.long	57                      @ DW_AT_type
	.byte	17                      @ Abbrev [17] 0x29e:0xf DW_TAG_variable
	.byte	2                       @ DW_AT_location
	.byte	145
	.byte	0
	.long	.Linfo_string44         @ DW_AT_name
	.byte	4                       @ DW_AT_decl_file
	.short	374                     @ DW_AT_decl_line
	.long	705                     @ DW_AT_type
	.byte	0                       @ End Of Children Mark
	.byte	18                      @ Abbrev [18] 0x2ae:0x13 DW_TAG_subprogram
	.long	.Lfunc_begin2           @ DW_AT_low_pc
	.long	.Lfunc_end2             @ DW_AT_high_pc
	.byte	1                       @ DW_AT_frame_base
	.byte	93
	.long	.Linfo_string34         @ DW_AT_name
	.byte	2                       @ DW_AT_decl_file
	.byte	73                      @ DW_AT_decl_line
	.byte	1                       @ DW_AT_prototyped
	.byte	1                       @ DW_AT_external
	.byte	5                       @ Abbrev [5] 0x2c1:0xc DW_TAG_array_type
	.long	717                     @ DW_AT_type
	.byte	6                       @ Abbrev [6] 0x2c6:0x6 DW_TAG_subrange_type
	.long	146                     @ DW_AT_type
	.byte	4                       @ DW_AT_count
	.byte	0                       @ End Of Children Mark
	.byte	3                       @ Abbrev [3] 0x2cd:0xb DW_TAG_typedef
	.long	728                     @ DW_AT_type
	.long	.Linfo_string46         @ DW_AT_name
	.byte	1                       @ DW_AT_decl_file
	.byte	62                      @ DW_AT_decl_line
	.byte	4                       @ Abbrev [4] 0x2d8:0x7 DW_TAG_base_type
	.long	.Linfo_string45         @ DW_AT_name
	.byte	8                       @ DW_AT_encoding
	.byte	1                       @ DW_AT_byte_size
	.byte	0                       @ End Of Children Mark
	.section	.debug_ranges,"",%progbits
.Ldebug_ranges0:
	.long	.Lfunc_begin0
	.long	.Lfunc_end0
	.long	.Lfunc_begin1
	.long	.Lfunc_end1
	.long	.Lfunc_begin2
	.long	.Lfunc_end2
	.long	0
	.long	0
	.section	.debug_macinfo,"",%progbits
.Lcu_macro_begin0:
	.byte	0                       @ End Of Macro List Mark
	.section	.debug_pubnames,"",%progbits
	.long	.LpubNames_end0-.LpubNames_begin0 @ Length of Public Names Info
.LpubNames_begin0:
	.short	2                       @ DWARF Version
	.long	.Lcu_begin0             @ Offset of Compilation Unit Info
	.long	736                     @ Compilation Unit Length
	.long	75                      @ DIE offset
	.asciz	"CyclesPerUs"           @ External Name
	.long	93                      @ DIE offset
	.asciz	"PllClock"              @ External Name
	.long	111                     @ DIE offset
	.asciz	"gau32ClkSrcTbl"        @ External Name
	.long	686                     @ DIE offset
	.asciz	"SystemInit"            @ External Name
	.long	39                      @ DIE offset
	.asciz	"SystemCoreClock"       @ External Name
	.long	557                     @ DIE offset
	.asciz	"CLK_GetPLLClockFreq"   @ External Name
	.long	495                     @ DIE offset
	.asciz	"SystemCoreClockUpdate" @ External Name
	.long	0                       @ End Mark
.LpubNames_end0:
	.section	.debug_pubtypes,"",%progbits
	.long	.LpubTypes_end0-.LpubTypes_begin0 @ Length of Public Types Info
.LpubTypes_begin0:
	.short	2                       @ DWARF Version
	.long	.Lcu_begin0             @ Offset of Compilation Unit Info
	.long	736                     @ Compilation Unit Length
	.long	57                      @ DIE offset
	.asciz	"uint32_t"              @ External Name
	.long	68                      @ DIE offset
	.asciz	"unsigned int"          @ External Name
	.long	717                     @ DIE offset
	.asciz	"uint8_t"               @ External Name
	.long	728                     @ DIE offset
	.asciz	"unsigned char"         @ External Name
	.long	158                     @ DIE offset
	.asciz	"CLK_T"                 @ External Name
	.long	0                       @ End Mark
.LpubTypes_end0:

	.ident	"Component: ARM Compiler 6.10.1 Tool: armclang [5d143200]"
	.section	".note.GNU-stack","",%progbits
	.eabi_attribute	30, 6	@ Tag_ABI_optimization_goals
	.ARM_attribute	16, 1	@ Tag_AV_eba
	.section	.debug_line,"",%progbits
.Lline_table_start0:
