Component: ARM Compiler 6.10.1 Tool: armlink [5d142800]

==============================================================================

Small function inlining results

Inlined total of 0 calls.

==============================================================================

Image Symbol Table

    Local Symbols

    Symbol Name                              Value     Ov Type        Size  Object(Section)

    RESET                                    0x00000000   Section      232  startup_nuc1262.o(RESET)
    ../clib/microlib/division.c              0x00000000   Number         0  uidiv.o ABSOLUTE
    ../clib/microlib/division.c              0x00000000   Number         0  uldiv.o ABSOLUTE
    ../clib/microlib/init/entry.s            0x00000000   Number         0  entry.o ABSOLUTE
    ../clib/microlib/init/entry.s            0x00000000   Number         0  entry7a.o ABSOLUTE
    ../clib/microlib/init/entry.s            0x00000000   Number         0  entry5.o ABSOLUTE
    ../clib/microlib/init/entry.s            0x00000000   Number         0  entry11b.o ABSOLUTE
    ../clib/microlib/init/entry.s            0x00000000   Number         0  entry10a.o ABSOLUTE
    ../clib/microlib/init/entry.s            0x00000000   Number         0  entry8a.o ABSOLUTE
    ../clib/microlib/init/entry.s            0x00000000   Number         0  entry2.o ABSOLUTE
    ../clib/microlib/init/entry.s            0x00000000   Number         0  entry7b.o ABSOLUTE
    ../clib/microlib/init/entry.s            0x00000000   Number         0  entry11a.o ABSOLUTE
    ../clib/microlib/init/entry.s            0x00000000   Number         0  entry8b.o ABSOLUTE
    ../clib/microlib/init/entry.s            0x00000000   Number         0  entry10b.o ABSOLUTE
    ../clib/microlib/init/entry.s            0x00000000   Number         0  entry9a.o ABSOLUTE
    ../clib/microlib/init/entry.s            0x00000000   Number         0  entry9b.o ABSOLUTE
    ../clib/microlib/longlong.c              0x00000000   Number         0  llshl.o ABSOLUTE
    ../clib/microlib/longlong.c              0x00000000   Number         0  llushr.o ABSOLUTE
    ../clib/microlib/longlong.c              0x00000000   Number         0  llsshr.o ABSOLUTE
    ../clib/microlib/printf/printf.c         0x00000000   Number         0  printfa.o ABSOLUTE
    ../clib/microlib/stubs.s                 0x00000000   Number         0  iusefp.o ABSOLUTE
    ../fplib/microlib/fpadd.c                0x00000000   Number         0  dadd.o ABSOLUTE
    ../fplib/microlib/fpdiv.c                0x00000000   Number         0  ddiv.o ABSOLUTE
    ../fplib/microlib/fpepilogue.c           0x00000000   Number         0  depilogue.o ABSOLUTE
    ../fplib/microlib/fpfix.c                0x00000000   Number         0  dfixul.o ABSOLUTE
    ../fplib/microlib/fpmul.c                0x00000000   Number         0  dmul.o ABSOLUTE
    ..\..\..\Library\Device\Nuvoton\NUC1262\Source\ARM\startup_NUC1262.s 0x00000000   Number         0  startup_nuc1262.o ABSOLUTE
    cdrcmple.s                               0x00000000   Number         0  cdrcmple.o ABSOLUTE
    clk.c                                    0x00000000   Number         0  clk.o ABSOLUTE
    gpio.c                                   0x00000000   Number         0  gpio.o ABSOLUTE
    handlers.s                               0x00000000   Number         0  handlers.o ABSOLUTE
    init.s                                   0x00000000   Number         0  init.o ABSOLUTE
    led_effect.c                             0x00000000   Number         0  led_effect.o ABSOLUTE
    llsi.c                                   0x00000000   Number         0  llsi.o ABSOLUTE
    main.c                                   0x00000000   Number         0  main.o ABSOLUTE
    pdma.c                                   0x00000000   Number         0  pdma.o ABSOLUTE
    retarget.c                               0x00000000   Number         0  retarget.o ABSOLUTE
    sys.c                                    0x00000000   Number         0  sys.o ABSOLUTE
    system_NUC1262.c                         0x00000000   Number         0  system_nuc1262.o ABSOLUTE
    timer.c                                  0x00000000   Number         0  timer.o ABSOLUTE
    uart.c                                   0x00000000   Number         0  uart.o ABSOLUTE
    .ARM.Collect$$$$00000000                 0x000000e8   Section        0  entry.o(.ARM.Collect$$$$00000000)
    .ARM.Collect$$$$00000001                 0x000000e8   Section        4  entry2.o(.ARM.Collect$$$$00000001)
    .ARM.Collect$$$$00000004                 0x000000ec   Section        4  entry5.o(.ARM.Collect$$$$00000004)
    .ARM.Collect$$$$00000008                 0x000000f0   Section        0  entry7b.o(.ARM.Collect$$$$00000008)
    .ARM.Collect$$$$0000000A                 0x000000f0   Section        0  entry8b.o(.ARM.Collect$$$$0000000A)
    .ARM.Collect$$$$0000000B                 0x000000f0   Section        8  entry9a.o(.ARM.Collect$$$$0000000B)
    .ARM.Collect$$$$0000000D                 0x000000f8   Section        0  entry10a.o(.ARM.Collect$$$$0000000D)
    .ARM.Collect$$$$0000000F                 0x000000f8   Section        0  entry11a.o(.ARM.Collect$$$$0000000F)
    .ARM.Collect$$$$00002712                 0x000000f8   Section        4  entry2.o(.ARM.Collect$$$$00002712)
    __lit__00000000                          0x000000f8   Data           4  entry2.o(.ARM.Collect$$$$00002712)
    .text                                    0x000000fc   Section       68  startup_nuc1262.o(.text)
    .text                                    0x00000140   Section        0  uidiv.o(.text)
    .text                                    0x0000016c   Section        0  uldiv.o(.text)
    .text                                    0x000001cc   Section        0  iusefp.o(.text)
    .text                                    0x000001cc   Section        0  dadd.o(.text)
    .text                                    0x00000330   Section        0  dmul.o(.text)
    .text                                    0x00000400   Section        0  ddiv.o(.text)
    .text                                    0x000004f0   Section        0  dfixul.o(.text)
    .text                                    0x00000530   Section       40  cdrcmple.o(.text)
    .text                                    0x00000558   Section       36  init.o(.text)
    .text                                    0x0000057c   Section        0  llshl.o(.text)
    .text                                    0x0000059c   Section        0  llushr.o(.text)
    .text                                    0x000005be   Section        0  llsshr.o(.text)
    .text                                    0x000005e4   Section        0  depilogue.o(.text)
    [Anonymous Symbol]                       0x000006a4   Section        0  clk.o(.text.CLK_DisablePLL)
    [Anonymous Symbol]                       0x000006b4   Section        0  clk.o(.text.CLK_EnableModuleClock)
    __arm_cp.18_0                            0x000006f0   Number         4  clk.o(.text.CLK_EnableModuleClock)
    __arm_cp.18_1                            0x000006f4   Number         4  clk.o(.text.CLK_EnableModuleClock)
    [Anonymous Symbol]                       0x000006f8   Section        0  clk.o(.text.CLK_EnablePLL)
    __arm_cp.12_3                            0x000008dc   Number         4  clk.o(.text.CLK_EnablePLL)
    __arm_cp.12_4                            0x000008e0   Number         4  clk.o(.text.CLK_EnablePLL)
    __arm_cp.12_5                            0x000008e4   Number         4  clk.o(.text.CLK_EnablePLL)
    __arm_cp.12_6                            0x000008e8   Number         4  clk.o(.text.CLK_EnablePLL)
    __arm_cp.12_7                            0x000008ec   Number         4  clk.o(.text.CLK_EnablePLL)
    __arm_cp.12_8                            0x000008f0   Number         4  clk.o(.text.CLK_EnablePLL)
    __arm_cp.12_9                            0x000008f4   Number         4  clk.o(.text.CLK_EnablePLL)
    __arm_cp.12_10                           0x000008f8   Number         4  clk.o(.text.CLK_EnablePLL)
    __arm_cp.12_11                           0x000008fc   Number         4  clk.o(.text.CLK_EnablePLL)
    __arm_cp.12_12                           0x00000900   Number         4  clk.o(.text.CLK_EnablePLL)
    __arm_cp.12_13                           0x00000904   Number         4  clk.o(.text.CLK_EnablePLL)
    __arm_cp.12_14                           0x00000908   Number         4  clk.o(.text.CLK_EnablePLL)
    __arm_cp.12_15                           0x0000090c   Number         4  clk.o(.text.CLK_EnablePLL)
    [Anonymous Symbol]                       0x00000910   Section        0  clk.o(.text.CLK_EnableXtalRC)
    [Anonymous Symbol]                       0x00000928   Section        0  clk.o(.text.CLK_GetCPUFreq)
    [Anonymous Symbol]                       0x00000934   Section        0  clk.o(.text.CLK_GetHCLKFreq)
    [Anonymous Symbol]                       0x00000940   Section        0  clk.o(.text.CLK_GetHXTFreq)
    [Anonymous Symbol]                       0x00000960   Section        0  clk.o(.text.CLK_GetLXTFreq)
    __arm_cp.5_0                             0x00000984   Number         4  clk.o(.text.CLK_GetLXTFreq)
    [Anonymous Symbol]                       0x00000988   Section        0  clk.o(.text.CLK_GetPCLK0Freq)
    [Anonymous Symbol]                       0x000009b4   Section        0  clk.o(.text.CLK_GetPCLK1Freq)
    __arm_cp.8_1                             0x000009e0   Number         4  clk.o(.text.CLK_GetPCLK1Freq)
    [Anonymous Symbol]                       0x000009e4   Section        0  system_nuc1262.o(.text.CLK_GetPLLClockFreq)
    CLK_GetPLLClockFreq                      0x000009e5   Thumb Code   172  system_nuc1262.o(.text.CLK_GetPLLClockFreq)
    __arm_cp.1_2                             0x00000a7c   Number         4  system_nuc1262.o(.text.CLK_GetPLLClockFreq)
    __arm_cp.1_3                             0x00000a80   Number         4  system_nuc1262.o(.text.CLK_GetPLLClockFreq)
    [Anonymous Symbol]                       0x00000a84   Section        0  uart.o(.text.CLK_GetPLLClockFreq)
    CLK_GetPLLClockFreq                      0x00000a85   Thumb Code   172  uart.o(.text.CLK_GetPLLClockFreq)
    [Anonymous Symbol]                       0x00000b1c   Section        0  clk.o(.text.CLK_GetPLLClockFreq)
    CLK_GetPLLClockFreq                      0x00000b1d   Thumb Code   172  clk.o(.text.CLK_GetPLLClockFreq)
    __arm_cp.21_0                            0x00000bb4   Number         4  clk.o(.text.CLK_GetPLLClockFreq)
    __arm_cp.21_1                            0x00000bb8   Number         4  clk.o(.text.CLK_GetPLLClockFreq)
    __arm_cp.21_2                            0x00000bbc   Number         4  clk.o(.text.CLK_GetPLLClockFreq)
    __arm_cp.21_3                            0x00000bc0   Number         4  clk.o(.text.CLK_GetPLLClockFreq)
    __arm_cp.21_4                            0x00000bc4   Number         4  clk.o(.text.CLK_GetPLLClockFreq)
    [Anonymous Symbol]                       0x00000bc8   Section        0  clk.o(.text.CLK_SetCoreClock)
    __arm_cp.10_1                            0x00000c7c   Number         4  clk.o(.text.CLK_SetCoreClock)
    __arm_cp.10_3                            0x00000c80   Number         4  clk.o(.text.CLK_SetCoreClock)
    __arm_cp.10_4                            0x00000c84   Number         4  clk.o(.text.CLK_SetCoreClock)
    __arm_cp.10_5                            0x00000c88   Number         4  clk.o(.text.CLK_SetCoreClock)
    [Anonymous Symbol]                       0x00000c8c   Section        0  clk.o(.text.CLK_SetHCLK)
    __arm_cp.13_1                            0x00000d00   Number         4  clk.o(.text.CLK_SetHCLK)
    __arm_cp.13_2                            0x00000d04   Number         4  clk.o(.text.CLK_SetHCLK)
    [Anonymous Symbol]                       0x00000d08   Section        0  clk.o(.text.CLK_SetModuleClock)
    __arm_cp.14_0                            0x00000dc0   Number         4  clk.o(.text.CLK_SetModuleClock)
    __arm_cp.14_1                            0x00000dc4   Number         4  clk.o(.text.CLK_SetModuleClock)
    __arm_cp.14_2                            0x00000dc8   Number         4  clk.o(.text.CLK_SetModuleClock)
    __arm_cp.14_3                            0x00000dcc   Number         4  clk.o(.text.CLK_SetModuleClock)
    [Anonymous Symbol]                       0x00000dd0   Section        0  clk.o(.text.CLK_WaitClockReady)
    __arm_cp.11_0                            0x00000e0c   Number         4  clk.o(.text.CLK_WaitClockReady)
    __arm_cp.11_1                            0x00000e10   Number         4  clk.o(.text.CLK_WaitClockReady)
    [Anonymous Symbol]                       0x00000e14   Section        0  main.o(.text.GPIO_Init)
    __arm_cp.12_0                            0x00000e30   Number         4  main.o(.text.GPIO_Init)
    __arm_cp.12_1                            0x00000e34   Number         4  main.o(.text.GPIO_Init)
    [Anonymous Symbol]                       0x00000e38   Section        0  gpio.o(.text.GPIO_SetMode)
    [Anonymous Symbol]                       0x00000e94   Section        0  main.o(.text.LLSI_Init)
    __arm_cp.11_0                            0x00000ee8   Number         4  main.o(.text.LLSI_Init)
    __arm_cp.11_1                            0x00000eec   Number         4  main.o(.text.LLSI_Init)
    __arm_cp.11_2                            0x00000ef0   Number         4  main.o(.text.LLSI_Init)
    __arm_cp.11_3                            0x00000ef4   Number         4  main.o(.text.LLSI_Init)
    __arm_cp.11_4                            0x00000ef8   Number         4  main.o(.text.LLSI_Init)
    [Anonymous Symbol]                       0x00000efc   Section        0  llsi.o(.text.LLSI_Open)
    __arm_cp.0_0                             0x0000112c   Number         4  llsi.o(.text.LLSI_Open)
    __arm_cp.0_2                             0x00001130   Number         4  llsi.o(.text.LLSI_Open)
    [Anonymous Symbol]                       0x00001134   Section        0  main.o(.text.LLSI_PDMA_Transfer)
    __arm_cp.10_0                            0x00001190   Number         4  main.o(.text.LLSI_PDMA_Transfer)
    [Anonymous Symbol]                       0x00001194   Section        0  main.o(.text.NVIC_EnableIRQ)
    NVIC_EnableIRQ                           0x00001195   Thumb Code    60  main.o(.text.NVIC_EnableIRQ)
    [Anonymous Symbol]                       0x000011c8   Section        0  uart.o(.text.NVIC_EnableIRQ)
    NVIC_EnableIRQ                           0x000011c9   Thumb Code    60  uart.o(.text.NVIC_EnableIRQ)
    __arm_cp.7_0                             0x000011fc   Number         4  uart.o(.text.NVIC_EnableIRQ)
    __arm_cp.7_1                             0x00001200   Number         4  uart.o(.text.NVIC_EnableIRQ)
    [Anonymous Symbol]                       0x00001204   Section        0  main.o(.text.NVIC_SystemReset)
    NVIC_SystemReset                         0x00001205   Thumb Code    28  main.o(.text.NVIC_SystemReset)
    __arm_cp.21_0                            0x00001218   Number         4  main.o(.text.NVIC_SystemReset)
    __arm_cp.21_1                            0x0000121c   Number         4  main.o(.text.NVIC_SystemReset)
    [Anonymous Symbol]                       0x00001220   Section        0  pdma.o(.text.PDMA_Open)
    __arm_cp.0_0                             0x00001270   Number         4  pdma.o(.text.PDMA_Open)
    [Anonymous Symbol]                       0x00001274   Section        0  pdma.o(.text.PDMA_SetBurstType)
    [Anonymous Symbol]                       0x000012ac   Section        0  pdma.o(.text.PDMA_SetTransferAddr)
    __arm_cp.3_0                             0x00001308   Number         4  pdma.o(.text.PDMA_SetTransferAddr)
    __arm_cp.3_1                             0x0000130c   Number         4  pdma.o(.text.PDMA_SetTransferAddr)
    [Anonymous Symbol]                       0x00001310   Section        0  pdma.o(.text.PDMA_SetTransferCnt)
    __arm_cp.2_1                             0x00001350   Number         4  pdma.o(.text.PDMA_SetTransferCnt)
    __arm_cp.2_2                             0x00001354   Number         4  pdma.o(.text.PDMA_SetTransferCnt)
    [Anonymous Symbol]                       0x00001358   Section        0  pdma.o(.text.PDMA_SetTransferMode)
    __arm_cp.4_0                             0x000014c4   Number         4  pdma.o(.text.PDMA_SetTransferMode)
    __arm_cp.4_1                             0x000014c8   Number         4  pdma.o(.text.PDMA_SetTransferMode)
    __arm_cp.4_2                             0x000014cc   Number         4  pdma.o(.text.PDMA_SetTransferMode)
    __arm_cp.4_3                             0x000014d0   Number         4  pdma.o(.text.PDMA_SetTransferMode)
    __arm_cp.4_4                             0x000014d4   Number         4  pdma.o(.text.PDMA_SetTransferMode)
    __arm_cp.4_5                             0x000014d8   Number         4  pdma.o(.text.PDMA_SetTransferMode)
    __arm_cp.4_6                             0x000014dc   Number         4  pdma.o(.text.PDMA_SetTransferMode)
    [Anonymous Symbol]                       0x000014e0   Section        0  retarget.o(.text.ProcessHardFault)
    __arm_cp.0_0                             0x00001530   Number         4  retarget.o(.text.ProcessHardFault)
    [Anonymous Symbol]                       0x00001534   Section        0  retarget.o(.text.SH_Return)
    [Anonymous Symbol]                       0x00001550   Section        0  main.o(.text.SYS_Init)
    __arm_cp.24_0                            0x000015ec   Number         4  main.o(.text.SYS_Init)
    __arm_cp.24_1                            0x000015f0   Number         4  main.o(.text.SYS_Init)
    __arm_cp.24_2                            0x000015f4   Number         4  main.o(.text.SYS_Init)
    __arm_cp.24_3                            0x000015f8   Number         4  main.o(.text.SYS_Init)
    __arm_cp.24_4                            0x000015fc   Number         4  main.o(.text.SYS_Init)
    __arm_cp.24_5                            0x00001600   Number         4  main.o(.text.SYS_Init)
    __arm_cp.24_6                            0x00001604   Number         4  main.o(.text.SYS_Init)
    [Anonymous Symbol]                       0x00001608   Section        0  main.o(.text.SYS_LockReg)
    SYS_LockReg                              0x00001609   Thumb Code    12  main.o(.text.SYS_LockReg)
    [Anonymous Symbol]                       0x00001610   Section        0  sys.o(.text.SYS_ResetModule)
    __arm_cp.7_0                             0x00001648   Number         4  sys.o(.text.SYS_ResetModule)
    __arm_cp.7_1                             0x0000164c   Number         4  sys.o(.text.SYS_ResetModule)
    [Anonymous Symbol]                       0x00001650   Section        0  main.o(.text.SYS_UnlockReg)
    SYS_UnlockReg                            0x00001651   Thumb Code    36  main.o(.text.SYS_UnlockReg)
    __arm_cp.25_0                            0x00001670   Number         4  main.o(.text.SYS_UnlockReg)
    [Anonymous Symbol]                       0x00001674   Section        0  retarget.o(.text.SendChar)
    [Anonymous Symbol]                       0x00001688   Section        0  retarget.o(.text.SendChar_ToUART)
    __arm_cp.2_0                             0x000016d0   Number         4  retarget.o(.text.SendChar_ToUART)
    __arm_cp.2_1                             0x000016d4   Number         4  retarget.o(.text.SendChar_ToUART)
    [Anonymous Symbol]                       0x000016d8   Section        0  led_effect.o(.text.StateMachine)
    __arm_cp.23_0                            0x0000192c   Number         4  led_effect.o(.text.StateMachine)
    __arm_cp.23_1                            0x00001930   Number         4  led_effect.o(.text.StateMachine)
    __arm_cp.23_2                            0x00001934   Number         4  led_effect.o(.text.StateMachine)
    [Anonymous Symbol]                       0x00001938   Section        0  system_nuc1262.o(.text.SystemCoreClockUpdate)
    __arm_cp.0_0                             0x00001998   Number         4  system_nuc1262.o(.text.SystemCoreClockUpdate)
    __arm_cp.0_1                             0x0000199c   Number         4  system_nuc1262.o(.text.SystemCoreClockUpdate)
    __arm_cp.0_2                             0x000019a0   Number         4  system_nuc1262.o(.text.SystemCoreClockUpdate)
    __arm_cp.0_3                             0x000019a4   Number         4  system_nuc1262.o(.text.SystemCoreClockUpdate)
    __arm_cp.0_5                             0x000019a8   Number         4  system_nuc1262.o(.text.SystemCoreClockUpdate)
    __arm_cp.0_7                             0x000019ac   Number         4  system_nuc1262.o(.text.SystemCoreClockUpdate)
    [Anonymous Symbol]                       0x000019b0   Section        0  system_nuc1262.o(.text.SystemInit)
    [Anonymous Symbol]                       0x000019b4   Section        0  main.o(.text.TIMER1_Init)
    [Anonymous Symbol]                       0x000019e4   Section        0  main.o(.text.TIMER_ClearIntFlag)
    TIMER_ClearIntFlag                       0x000019e5   Thumb Code    18  main.o(.text.TIMER_ClearIntFlag)
    [Anonymous Symbol]                       0x000019f8   Section        0  timer.o(.text.TIMER_Delay)
    __arm_cp.3_1                             0x00001b5c   Number         4  timer.o(.text.TIMER_Delay)
    __arm_cp.3_2                             0x00001b60   Number         4  timer.o(.text.TIMER_Delay)
    __arm_cp.3_6                             0x00001b64   Number         4  timer.o(.text.TIMER_Delay)
    [Anonymous Symbol]                       0x00001b68   Section        0  main.o(.text.TIMER_EnableInt)
    TIMER_EnableInt                          0x00001b69   Thumb Code    24  main.o(.text.TIMER_EnableInt)
    [Anonymous Symbol]                       0x00001b80   Section        0  main.o(.text.TIMER_GetIntFlag)
    TIMER_GetIntFlag                         0x00001b81   Thumb Code    20  main.o(.text.TIMER_GetIntFlag)
    [Anonymous Symbol]                       0x00001b94   Section        0  timer.o(.text.TIMER_GetModuleClock)
    __arm_cp.1_0                             0x00001c20   Number         4  timer.o(.text.TIMER_GetModuleClock)
    __arm_cp.1_2                             0x00001c24   Number         4  timer.o(.text.TIMER_GetModuleClock)
    __arm_cp.1_3                             0x00001c28   Number         4  timer.o(.text.TIMER_GetModuleClock)
    __arm_cp.1_4                             0x00001c2c   Number         4  timer.o(.text.TIMER_GetModuleClock)
    __arm_cp.1_5                             0x00001c30   Number         4  timer.o(.text.TIMER_GetModuleClock)
    [Anonymous Symbol]                       0x00001c34   Section        0  timer.o(.text.TIMER_Open)
    __arm_cp.0_0                             0x00001ce0   Number         4  timer.o(.text.TIMER_Open)
    __arm_cp.0_1                             0x00001ce4   Number         4  timer.o(.text.TIMER_Open)
    __arm_cp.0_2                             0x00001ce8   Number         4  timer.o(.text.TIMER_Open)
    [Anonymous Symbol]                       0x00001cec   Section        0  main.o(.text.TIMER_Start)
    TIMER_Start                              0x00001ced   Thumb Code    24  main.o(.text.TIMER_Start)
    [Anonymous Symbol]                       0x00001d04   Section        0  main.o(.text.TMR1_IRQHandler)
    __arm_cp.13_0                            0x00001d58   Number         4  main.o(.text.TMR1_IRQHandler)
    __arm_cp.13_1                            0x00001d5c   Number         4  main.o(.text.TMR1_IRQHandler)
    [Anonymous Symbol]                       0x00001d60   Section        0  main.o(.text.UART0_IRQHandler)
    __arm_cp.22_0                            0x00001db4   Number         4  main.o(.text.UART0_IRQHandler)
    __arm_cp.22_1                            0x00001db8   Number         4  main.o(.text.UART0_IRQHandler)
    [Anonymous Symbol]                       0x00001dbc   Section        0  main.o(.text.UART0_Init)
    __arm_cp.23_0                            0x00001e50   Number         4  main.o(.text.UART0_Init)
    __arm_cp.23_2                            0x00001e54   Number         4  main.o(.text.UART0_Init)
    __arm_cp.23_3                            0x00001e58   Number         4  main.o(.text.UART0_Init)
    __arm_cp.23_4                            0x00001e5c   Number         4  main.o(.text.UART0_Init)
    __arm_cp.23_5                            0x00001e60   Number         4  main.o(.text.UART0_Init)
    __arm_cp.23_6                            0x00001e64   Number         4  main.o(.text.UART0_Init)
    __arm_cp.23_7                            0x00001e68   Number         4  main.o(.text.UART0_Init)
    [Anonymous Symbol]                       0x00001e6c   Section        0  uart.o(.text.UART_ClearIntFlag)
    __arm_cp.0_0                             0x00001ed4   Number         4  uart.o(.text.UART_ClearIntFlag)
    [Anonymous Symbol]                       0x00001ed8   Section        0  uart.o(.text.UART_EnableInt)
    [Anonymous Symbol]                       0x00001f1c   Section        0  uart.o(.text.UART_Open)
    __arm_cp.8_0                             0x0000205c   Number         4  uart.o(.text.UART_Open)
    __arm_cp.8_2                             0x00002060   Number         4  uart.o(.text.UART_Open)
    __arm_cp.8_3                             0x00002064   Number         4  uart.o(.text.UART_Open)
    __arm_cp.8_4                             0x00002068   Number         4  uart.o(.text.UART_Open)
    __arm_cp.8_5                             0x0000206c   Number         4  uart.o(.text.UART_Open)
    [Anonymous Symbol]                       0x00002070   Section        0  main.o(.text.UARTx_Process)
    __arm_cp.20_0                            0x0000216c   Number         4  main.o(.text.UARTx_Process)
    __arm_cp.20_1                            0x00002170   Number         4  main.o(.text.UARTx_Process)
    __arm_cp.20_2                            0x00002174   Number         4  main.o(.text.UARTx_Process)
    __arm_cp.20_3                            0x00002178   Number         4  main.o(.text.UARTx_Process)
    [Anonymous Symbol]                       0x0000217c   Section        0  led_effect.o(.text._stripEffect_Rainbow)
    __arm_cp.5_0                             0x00002278   Number         4  led_effect.o(.text._stripEffect_Rainbow)
    __arm_cp.5_1                             0x0000227c   Number         4  led_effect.o(.text._stripEffect_Rainbow)
    __arm_cp.5_2                             0x00002280   Number         4  led_effect.o(.text._stripEffect_Rainbow)
    __arm_cp.5_3                             0x00002284   Number         4  led_effect.o(.text._stripEffect_Rainbow)
    [Anonymous Symbol]                       0x00002288   Section        0  led_effect.o(.text._stripEffect_Wheel)
    [Anonymous Symbol]                       0x00002350   Section        0  main.o(.text.delay_ms)
    __arm_cp.9_0                             0x00002370   Number         4  main.o(.text.delay_ms)
    [Anonymous Symbol]                       0x00002374   Section        0  retarget.o(.text.fputc)
    [Anonymous Symbol]                       0x00002390   Section        0  led_effect.o(.text.getAllColors)
    __arm_cp.10_0                            0x00002410   Number         4  led_effect.o(.text.getAllColors)
    [Anonymous Symbol]                       0x00002414   Section        0  led_effect.o(.text.getAlternateColors)
    [Anonymous Symbol]                       0x00002556   Section        0  led_effect.o(.text.getCircularRing)
    [Anonymous Symbol]                       0x000025d0   Section        0  led_effect.o(.text.getColorWheel)
    __arm_cp.11_0                            0x00002678   Number         4  led_effect.o(.text.getColorWheel)
    __arm_cp.11_1                            0x0000267c   Number         4  led_effect.o(.text.getColorWheel)
    [Anonymous Symbol]                       0x00002680   Section        0  led_effect.o(.text.getFromAToB)
    [Anonymous Symbol]                       0x00002762   Section        0  led_effect.o(.text.getFullEmpty)
    [Anonymous Symbol]                       0x00002816   Section        0  led_effect.o(.text.getHeartBeat)
    [Anonymous Symbol]                       0x00002a0e   Section        0  led_effect.o(.text.getPatternMove)
    [Anonymous Symbol]                       0x00002ad0   Section        0  led_effect.o(.text.getRGBSequence)
    __arm_cp.15_0                            0x00002bb0   Number         4  led_effect.o(.text.getRGBSequence)
    __arm_cp.15_1                            0x00002bb4   Number         4  led_effect.o(.text.getRGBSequence)
    [Anonymous Symbol]                       0x00002bb8   Section        0  led_effect.o(.text.getRainbow)
    [Anonymous Symbol]                       0x00002c22   Section        0  led_effect.o(.text.getRainbowCycle)
    [Anonymous Symbol]                       0x00002cdc   Section        0  led_effect.o(.text.getTheaterChase)
    [Anonymous Symbol]                       0x00002de2   Section        0  led_effect.o(.text.getTheaterChaseRainbow)
    [Anonymous Symbol]                       0x00002ef0   Section        0  main.o(.text.get_tick)
    [Anonymous Symbol]                       0x00002ef8   Section        0  led_effect.o(.text.led_effect)
    [Anonymous Symbol]                       0x00002f00   Section        0  main.o(.text.main)
    [Anonymous Symbol]                       0x00002f30   Section        0  led_effect.o(.text.setLED_BufferClear)
    [Anonymous Symbol]                       0x00002f58   Section        0  led_effect.o(.text.setLED_ColorArrange)
    [Anonymous Symbol]                       0x0000307c   Section        0  led_effect.o(.text.setLED_ColorIdxChange)
    __arm_cp.4_0                             0x000030d4   Number         4  led_effect.o(.text.setLED_ColorIdxChange)
    __arm_cp.4_1                             0x000030d8   Number         4  led_effect.o(.text.setLED_ColorIdxChange)
    __arm_cp.4_2                             0x000030dc   Number         4  led_effect.o(.text.setLED_ColorIdxChange)
    [Anonymous Symbol]                       0x000030e0   Section        0  led_effect.o(.text.setLED_ColorWipe)
    [Anonymous Symbol]                       0x00003138   Section        0  led_effect.o(.text.setLED_Display)
    __arm_cp.0_0                             0x00003158   Number         4  led_effect.o(.text.setLED_Display)
    [Anonymous Symbol]                       0x0000315c   Section        0  main.o(.text.tick_counter)
    __arm_cp.0_0                             0x00003168   Number         4  main.o(.text.tick_counter)
    i.__0printf                              0x0000316c   Section        0  printfa.o(i.__0printf)
    i.__ARM_clz                              0x0000318c   Section        0  depilogue.o(i.__ARM_clz)
    i.__scatterload_copy                     0x000031ba   Section       14  handlers.o(i.__scatterload_copy)
    i.__scatterload_null                     0x000031c8   Section        2  handlers.o(i.__scatterload_null)
    i.__scatterload_zeroinit                 0x000031ca   Section       14  handlers.o(i.__scatterload_zeroinit)
    i._fp_digits                             0x000031d8   Section        0  printfa.o(i._fp_digits)
    _fp_digits                               0x000031d9   Thumb Code   344  printfa.o(i._fp_digits)
    i._printf_core                           0x0000334c   Section        0  printfa.o(i._printf_core)
    _printf_core                             0x0000334d   Thumb Code  1754  printfa.o(i._printf_core)
    i._printf_post_padding                   0x00003a38   Section        0  printfa.o(i._printf_post_padding)
    _printf_post_padding                     0x00003a39   Thumb Code    32  printfa.o(i._printf_post_padding)
    i._printf_pre_padding                    0x00003a58   Section        0  printfa.o(i._printf_pre_padding)
    _printf_pre_padding                      0x00003a59   Thumb Code    44  printfa.o(i._printf_pre_padding)
    [Anonymous Symbol]                       0x00003a84   Section        0  clk.o(.rodata..LCLK_EnableModuleClock.u32ClkTbl)
    [Anonymous Symbol]                       0x00003a90   Section        0  timer.o(.rodata.TIMER_GetModuleClock.au32Clk)
    TIMER_GetModuleClock.au32Clk             0x00003a90   Data          32  timer.o(.rodata.TIMER_GetModuleClock.au32Clk)
    .LUART_Open.au32ClkTbl                   0x000043ac   Data          16  uart.o(.rodata.cst16)
    .LUART_SetLine_Config.au32ClkTbl         0x000043bc   Data          16  uart.o(.rodata.cst16)
    .LUART_SelectIrDAMode.au32ClkTbl         0x000043cc   Data          16  uart.o(.rodata.cst16)
    .LCLK_SetModuleClock.u32SelTbl           0x000043dc   Data          16  clk.o(.rodata.cst16)
    .LCLK_GetModuleClockSource.au32SelTbl    0x000043ec   Data          16  clk.o(.rodata.cst16)
    .LCLK_SetModuleClock.u32DivTbl           0x000043fc   Data           8  clk.o(.rodata.cst8)
    .LCLK_GetModuleClockDivider.au32DivTbl   0x00004404   Data           8  clk.o(.rodata.cst8)
    [Anonymous Symbol]                       0x0000442c   Section        0  main.o(.rodata.str1.1)
    .L.str                                   0x0000442c   Data          34  main.o(.rodata.str1.1)
    .L.str.13                                0x0000442c   Data          18  main.o(.rodata.str1.1)
    .L.str.17                                0x0000443e   Data          25  main.o(.rodata.str1.1)
    .L.str.1                                 0x0000444e   Data          13  main.o(.rodata.str1.1)
    .L.str.18                                0x00004457   Data          25  main.o(.rodata.str1.1)
    .L__FUNCTION__.compare_buffer            0x0000445b   Data          15  main.o(.rodata.str1.1)
    .L.str.2                                 0x0000446a   Data          20  main.o(.rodata.str1.1)
    .L.str.19                                0x00004470   Data          24  main.o(.rodata.str1.1)
    .L.str.3                                 0x0000447e   Data           8  main.o(.rodata.str1.1)
    .L.str.4                                 0x00004486   Data           3  main.o(.rodata.str1.1)
    .L.str.15                                0x00004488   Data          23  main.o(.rodata.str1.1)
    .L.str.5                                 0x00004489   Data           5  main.o(.rodata.str1.1)
    .L.str.6                                 0x0000448e   Data           9  main.o(.rodata.str1.1)
    .L.str.7                                 0x00004497   Data           6  main.o(.rodata.str1.1)
    .L.str.8                                 0x0000449d   Data           3  main.o(.rodata.str1.1)
    .L.str.16                                0x0000449f   Data          23  main.o(.rodata.str1.1)
    .L.str.9                                 0x000044a0   Data           3  main.o(.rodata.str1.1)
    .L.str.10                                0x000044a3   Data           2  main.o(.rodata.str1.1)
    .L.str.11                                0x000044a5   Data           2  main.o(.rodata.str1.1)
    .L.str.14                                0x000044b6   Data          25  main.o(.rodata.str1.1)
    .L.str.12                                0x000044cf   Data          18  main.o(.rodata.str1.1)
    [Anonymous Symbol]                       0x000044e1   Section        0  retarget.o(.rodata.str1.1)
    .L.str                                   0x000044e1   Data          15  retarget.o(.rodata.str1.1)
    [Anonymous Symbol]                       0x20000010   Section        0  led_effect.o(.data._stripEffect_Rainbow.Red)
    _stripEffect_Rainbow.Red                 0x20000010   Data           1  led_effect.o(.data._stripEffect_Rainbow.Red)
    [Anonymous Symbol]                       0x20000011   Section        0  led_effect.o(.data.setLED_ColorIdxChange.flag)
    setLED_ColorIdxChange.flag               0x20000011   Data           1  led_effect.o(.data.setLED_ColorIdxChange.flag)
    [Anonymous Symbol]                       0x200000b8   Section        0  led_effect.o(.bss._stripEffect_Rainbow.Blue)
    _stripEffect_Rainbow.Blue                0x200000b8   Data           1  led_effect.o(.bss._stripEffect_Rainbow.Blue)
    [Anonymous Symbol]                       0x200000b9   Section        0  led_effect.o(.bss._stripEffect_Rainbow.Green)
    _stripEffect_Rainbow.Green               0x200000b9   Data           1  led_effect.o(.bss._stripEffect_Rainbow.Green)
    [Anonymous Symbol]                       0x200000ba   Section        0  led_effect.o(.bss._stripEffect_Rainbow.State)
    _stripEffect_Rainbow.State               0x200000ba   Data           1  led_effect.o(.bss._stripEffect_Rainbow.State)
    [Anonymous Symbol]                       0x200000c0   Section        0  led_effect.o(.bss.getRGBSequence.intensity)
    getRGBSequence.intensity                 0x200000c0   Data           1  led_effect.o(.bss.getRGBSequence.intensity)
    [Anonymous Symbol]                       0x200000c1   Section        0  led_effect.o(.bss.getRGBSequence.sign)
    getRGBSequence.sign                      0x200000c1   Data           1  led_effect.o(.bss.getRGBSequence.sign)
    [Anonymous Symbol]                       0x200000c2   Section        0  pdma.o(.bss.u32ChSelect)
    u32ChSelect                              0x200000c2   Data          10  pdma.o(.bss.u32ChSelect)
    STACK                                    0x200000d0   Section     1024  startup_nuc1262.o(STACK)

    Global Symbols

    Symbol Name                              Value     Ov Type        Size  Object(Section)

    BuildAttributes$$THM_ISAv3M$S$8M$PE$A:L22$X:L11$S22$IEEE1$IW$~IW$USESV6$~STKCKD$USESV7$~SHL$OSPACE$ROPI$EBA8$MICROLIB$REQ8$PRES8$EABIv2 0x00000000   Number         0  anon$$obj.o ABSOLUTE
    __Vectors                                0x00000000   Data           4  startup_nuc1262.o(RESET)
    __cpp_initialize__aeabi_                  - Undefined Weak Reference
    __cxa_finalize                            - Undefined Weak Reference
    __decompress                              - Undefined Weak Reference
    _clock_init                               - Undefined Weak Reference
    _microlib_exit                            - Undefined Weak Reference
    __Vectors_End                            0x000000e8   Data           0  startup_nuc1262.o(RESET)
    __Vectors_Size                           0x000000e8   Number         0  startup_nuc1262.o ABSOLUTE
    __main                                   0x000000e9   Thumb Code     0  entry.o(.ARM.Collect$$$$00000000)
    _main_stk                                0x000000e9   Thumb Code     0  entry2.o(.ARM.Collect$$$$00000001)
    _main_scatterload                        0x000000ed   Thumb Code     0  entry5.o(.ARM.Collect$$$$00000004)
    __main_after_scatterload                 0x000000f1   Thumb Code     0  entry5.o(.ARM.Collect$$$$00000004)
    _main_clock                              0x000000f1   Thumb Code     0  entry7b.o(.ARM.Collect$$$$00000008)
    _main_cpp_init                           0x000000f1   Thumb Code     0  entry8b.o(.ARM.Collect$$$$0000000A)
    _main_init                               0x000000f1   Thumb Code     0  entry9a.o(.ARM.Collect$$$$0000000B)
    __rt_final_cpp                           0x000000f9   Thumb Code     0  entry10a.o(.ARM.Collect$$$$0000000D)
    __rt_final_exit                          0x000000f9   Thumb Code     0  entry11a.o(.ARM.Collect$$$$0000000F)
    Reset_Handler                            0x000000fd   Thumb Code     8  startup_nuc1262.o(.text)
    NMI_Handler                              0x00000105   Thumb Code     2  startup_nuc1262.o(.text)
    HardFault_Handler                        0x00000107   Thumb Code    16  startup_nuc1262.o(.text)
    ProcessHardFaultx                        0x00000117   Thumb Code     2  startup_nuc1262.o(.text)
    SVC_Handler                              0x00000119   Thumb Code     2  startup_nuc1262.o(.text)
    PendSV_Handler                           0x0000011b   Thumb Code     2  startup_nuc1262.o(.text)
    SysTick_Handler                          0x0000011d   Thumb Code     2  startup_nuc1262.o(.text)
    ADC_IRQHandler                           0x0000011f   Thumb Code     0  startup_nuc1262.o(.text)
    BOD_IRQHandler                           0x0000011f   Thumb Code     0  startup_nuc1262.o(.text)
    BPWM0_IRQHandler                         0x0000011f   Thumb Code     0  startup_nuc1262.o(.text)
    BPWM1_IRQHandler                         0x0000011f   Thumb Code     0  startup_nuc1262.o(.text)
    BPWM2_IRQHandler                         0x0000011f   Thumb Code     0  startup_nuc1262.o(.text)
    BPWM3_IRQHandler                         0x0000011f   Thumb Code     0  startup_nuc1262.o(.text)
    CLKDIRC_IRQHandler                       0x0000011f   Thumb Code     0  startup_nuc1262.o(.text)
    DEFAULT_IRQHandler                       0x0000011f   Thumb Code     0  startup_nuc1262.o(.text)
    EINT024_IRQHandler                       0x0000011f   Thumb Code     0  startup_nuc1262.o(.text)
    EINT135_IRQHandler                       0x0000011f   Thumb Code     0  startup_nuc1262.o(.text)
    GPAB_IRQHandler                          0x0000011f   Thumb Code     0  startup_nuc1262.o(.text)
    GPCDF_IRQHandler                         0x0000011f   Thumb Code     0  startup_nuc1262.o(.text)
    I2C0_IRQHandler                          0x0000011f   Thumb Code     0  startup_nuc1262.o(.text)
    I2C1_IRQHandler                          0x0000011f   Thumb Code     0  startup_nuc1262.o(.text)
    LLSI0_IRQHandler                         0x0000011f   Thumb Code     0  startup_nuc1262.o(.text)
    LLSI1_IRQHandler                         0x0000011f   Thumb Code     0  startup_nuc1262.o(.text)
    LLSI2_IRQHandler                         0x0000011f   Thumb Code     0  startup_nuc1262.o(.text)
    LLSI3_IRQHandler                         0x0000011f   Thumb Code     0  startup_nuc1262.o(.text)
    LLSI4_IRQHandler                         0x0000011f   Thumb Code     0  startup_nuc1262.o(.text)
    LLSI5_IRQHandler                         0x0000011f   Thumb Code     0  startup_nuc1262.o(.text)
    LLSI6_IRQHandler                         0x0000011f   Thumb Code     0  startup_nuc1262.o(.text)
    LLSI7_IRQHandler                         0x0000011f   Thumb Code     0  startup_nuc1262.o(.text)
    LLSI8_IRQHandler                         0x0000011f   Thumb Code     0  startup_nuc1262.o(.text)
    LLSI9_IRQHandler                         0x0000011f   Thumb Code     0  startup_nuc1262.o(.text)
    PDMA_IRQHandler                          0x0000011f   Thumb Code     0  startup_nuc1262.o(.text)
    PWRWU_IRQHandler                         0x0000011f   Thumb Code     0  startup_nuc1262.o(.text)
    SPI0_IRQHandler                          0x0000011f   Thumb Code     0  startup_nuc1262.o(.text)
    SPI1_IRQHandler                          0x0000011f   Thumb Code     0  startup_nuc1262.o(.text)
    TMR0_IRQHandler                          0x0000011f   Thumb Code     0  startup_nuc1262.o(.text)
    TMR2_IRQHandler                          0x0000011f   Thumb Code     0  startup_nuc1262.o(.text)
    TMR3_IRQHandler                          0x0000011f   Thumb Code     0  startup_nuc1262.o(.text)
    UART1_IRQHandler                         0x0000011f   Thumb Code     0  startup_nuc1262.o(.text)
    USBD_IRQHandler                          0x0000011f   Thumb Code     0  startup_nuc1262.o(.text)
    WDT_IRQHandler                           0x0000011f   Thumb Code     0  startup_nuc1262.o(.text)
    SH_DoCommand                             0x00000121   Thumb Code    10  startup_nuc1262.o(.text)
    __PC                                     0x0000012b   Thumb Code     6  startup_nuc1262.o(.text)
    __aeabi_uidiv                            0x00000141   Thumb Code     0  uidiv.o(.text)
    __aeabi_uidivmod                         0x00000141   Thumb Code    44  uidiv.o(.text)
    __aeabi_uldivmod                         0x0000016d   Thumb Code    96  uldiv.o(.text)
    __I$use$fp                               0x000001cd   Thumb Code     0  iusefp.o(.text)
    __aeabi_dadd                             0x000001cd   Thumb Code   328  dadd.o(.text)
    __aeabi_dsub                             0x00000315   Thumb Code    12  dadd.o(.text)
    __aeabi_drsub                            0x00000321   Thumb Code    12  dadd.o(.text)
    __aeabi_dmul                             0x00000331   Thumb Code   202  dmul.o(.text)
    __aeabi_ddiv                             0x00000401   Thumb Code   234  ddiv.o(.text)
    __aeabi_d2ulz                            0x000004f1   Thumb Code    54  dfixul.o(.text)
    __aeabi_cdrcmple                         0x00000531   Thumb Code    38  cdrcmple.o(.text)
    __scatterload                            0x00000559   Thumb Code    28  init.o(.text)
    __scatterload_rt2                        0x00000559   Thumb Code     0  init.o(.text)
    __aeabi_llsl                             0x0000057d   Thumb Code    32  llshl.o(.text)
    _ll_shift_l                              0x0000057d   Thumb Code     0  llshl.o(.text)
    __aeabi_llsr                             0x0000059d   Thumb Code    34  llushr.o(.text)
    _ll_ushift_r                             0x0000059d   Thumb Code     0  llushr.o(.text)
    __aeabi_lasr                             0x000005bf   Thumb Code    38  llsshr.o(.text)
    _ll_sshift_r                             0x000005bf   Thumb Code     0  llsshr.o(.text)
    _double_round                            0x000005e5   Thumb Code    26  depilogue.o(.text)
    _double_epilogue                         0x000005ff   Thumb Code   164  depilogue.o(.text)
    CLK_DisablePLL                           0x000006a5   Thumb Code    20  clk.o(.text.CLK_DisablePLL)
    CLK_EnableModuleClock                    0x000006b5   Thumb Code    68  clk.o(.text.CLK_EnableModuleClock)
    CLK_EnablePLL                            0x000006f9   Thumb Code   548  clk.o(.text.CLK_EnablePLL)
    CLK_EnableXtalRC                         0x00000911   Thumb Code    28  clk.o(.text.CLK_EnableXtalRC)
    CLK_GetCPUFreq                           0x00000929   Thumb Code    16  clk.o(.text.CLK_GetCPUFreq)
    CLK_GetHCLKFreq                          0x00000935   Thumb Code    16  clk.o(.text.CLK_GetHCLKFreq)
    CLK_GetHXTFreq                           0x00000941   Thumb Code    40  clk.o(.text.CLK_GetHXTFreq)
    CLK_GetLXTFreq                           0x00000961   Thumb Code    40  clk.o(.text.CLK_GetLXTFreq)
    CLK_GetPCLK0Freq                         0x00000989   Thumb Code    52  clk.o(.text.CLK_GetPCLK0Freq)
    CLK_GetPCLK1Freq                         0x000009b5   Thumb Code    52  clk.o(.text.CLK_GetPCLK1Freq)
    CLK_SetCoreClock                         0x00000bc9   Thumb Code   212  clk.o(.text.CLK_SetCoreClock)
    CLK_SetHCLK                              0x00000c8d   Thumb Code   132  clk.o(.text.CLK_SetHCLK)
    CLK_SetModuleClock                       0x00000d09   Thumb Code   200  clk.o(.text.CLK_SetModuleClock)
    CLK_WaitClockReady                       0x00000dd1   Thumb Code    68  clk.o(.text.CLK_WaitClockReady)
    GPIO_Init                                0x00000e15   Thumb Code    36  main.o(.text.GPIO_Init)
    GPIO_SetMode                             0x00000e39   Thumb Code    90  gpio.o(.text.GPIO_SetMode)
    LLSI_Init                                0x00000e95   Thumb Code   104  main.o(.text.LLSI_Init)
    LLSI_Open                                0x00000efd   Thumb Code   572  llsi.o(.text.LLSI_Open)
    LLSI_PDMA_Transfer                       0x00001135   Thumb Code    96  main.o(.text.LLSI_PDMA_Transfer)
    PDMA_Open                                0x00001221   Thumb Code    92  pdma.o(.text.PDMA_Open)
    PDMA_SetBurstType                        0x00001275   Thumb Code    60  pdma.o(.text.PDMA_SetBurstType)
    PDMA_SetTransferAddr                     0x000012ad   Thumb Code   104  pdma.o(.text.PDMA_SetTransferAddr)
    PDMA_SetTransferCnt                      0x00001311   Thumb Code    76  pdma.o(.text.PDMA_SetTransferCnt)
    PDMA_SetTransferMode                     0x00001359   Thumb Code   392  pdma.o(.text.PDMA_SetTransferMode)
    ProcessHardFault                         0x000014e1   Thumb Code    84  retarget.o(.text.ProcessHardFault)
    SH_Return                                0x00001535   Thumb Code    28  retarget.o(.text.SH_Return)
    SYS_Init                                 0x00001551   Thumb Code   184  main.o(.text.SYS_Init)
    SYS_ResetModule                          0x00001611   Thumb Code    64  sys.o(.text.SYS_ResetModule)
    SendChar                                 0x00001675   Thumb Code    20  retarget.o(.text.SendChar)
    SendChar_ToUART                          0x00001689   Thumb Code    80  retarget.o(.text.SendChar_ToUART)
    StateMachine                             0x000016d9   Thumb Code   608  led_effect.o(.text.StateMachine)
    SystemCoreClockUpdate                    0x00001939   Thumb Code   128  system_nuc1262.o(.text.SystemCoreClockUpdate)
    SystemInit                               0x000019b1   Thumb Code     2  system_nuc1262.o(.text.SystemInit)
    TIMER1_Init                              0x000019b5   Thumb Code    52  main.o(.text.TIMER1_Init)
    TIMER_Delay                              0x000019f9   Thumb Code   384  timer.o(.text.TIMER_Delay)
    TIMER_GetModuleClock                     0x00001b95   Thumb Code   164  timer.o(.text.TIMER_GetModuleClock)
    TIMER_Open                               0x00001c35   Thumb Code   184  timer.o(.text.TIMER_Open)
    TMR1_IRQHandler                          0x00001d05   Thumb Code    92  main.o(.text.TMR1_IRQHandler)
    UART0_IRQHandler                         0x00001d61   Thumb Code    96  main.o(.text.UART0_IRQHandler)
    UART0_Init                               0x00001dbd   Thumb Code   180  main.o(.text.UART0_Init)
    UART_ClearIntFlag                        0x00001e6d   Thumb Code   108  uart.o(.text.UART_ClearIntFlag)
    UART_EnableInt                           0x00001ed9   Thumb Code    76  uart.o(.text.UART_EnableInt)
    UART_Open                                0x00001f1d   Thumb Code   344  uart.o(.text.UART_Open)
    UARTx_Process                            0x00002071   Thumb Code   268  main.o(.text.UARTx_Process)
    _stripEffect_Rainbow                     0x0000217d   Thumb Code   268  led_effect.o(.text._stripEffect_Rainbow)
    _stripEffect_Wheel                       0x00002289   Thumb Code   200  led_effect.o(.text._stripEffect_Wheel)
    delay_ms                                 0x00002351   Thumb Code    36  main.o(.text.delay_ms)
    fputc                                    0x00002375   Thumb Code    28  retarget.o(.text.fputc)
    getAllColors                             0x00002391   Thumb Code   136  led_effect.o(.text.getAllColors)
    getAlternateColors                       0x00002415   Thumb Code   322  led_effect.o(.text.getAlternateColors)
    getCircularRing                          0x00002557   Thumb Code   120  led_effect.o(.text.getCircularRing)
    getColorWheel                            0x000025d1   Thumb Code   176  led_effect.o(.text.getColorWheel)
    getFromAToB                              0x00002681   Thumb Code   226  led_effect.o(.text.getFromAToB)
    getFullEmpty                             0x00002763   Thumb Code   180  led_effect.o(.text.getFullEmpty)
    getHeartBeat                             0x00002817   Thumb Code   504  led_effect.o(.text.getHeartBeat)
    getPatternMove                           0x00002a0f   Thumb Code   192  led_effect.o(.text.getPatternMove)
    getRGBSequence                           0x00002ad1   Thumb Code   232  led_effect.o(.text.getRGBSequence)
    getRainbow                               0x00002bb9   Thumb Code   106  led_effect.o(.text.getRainbow)
    getRainbowCycle                          0x00002c23   Thumb Code   186  led_effect.o(.text.getRainbowCycle)
    getTheaterChase                          0x00002cdd   Thumb Code   262  led_effect.o(.text.getTheaterChase)
    getTheaterChaseRainbow                   0x00002de3   Thumb Code   268  led_effect.o(.text.getTheaterChaseRainbow)
    get_tick                                 0x00002ef1   Thumb Code    12  main.o(.text.get_tick)
    led_effect                               0x00002ef9   Thumb Code     8  led_effect.o(.text.led_effect)
    main                                     0x00002f01   Thumb Code    48  main.o(.text.main)
    setLED_BufferClear                       0x00002f31   Thumb Code    44  led_effect.o(.text.setLED_BufferClear)
    setLED_ColorArrange                      0x00002f59   Thumb Code   296  led_effect.o(.text.setLED_ColorArrange)
    setLED_ColorIdxChange                    0x0000307d   Thumb Code   100  led_effect.o(.text.setLED_ColorIdxChange)
    setLED_ColorWipe                         0x000030e1   Thumb Code    88  led_effect.o(.text.setLED_ColorWipe)
    setLED_Display                           0x00003139   Thumb Code    36  led_effect.o(.text.setLED_Display)
    tick_counter                             0x0000315d   Thumb Code    16  main.o(.text.tick_counter)
    __0printf                                0x0000316d   Thumb Code    24  printfa.o(i.__0printf)
    __1printf                                0x0000316d   Thumb Code     0  printfa.o(i.__0printf)
    __2printf                                0x0000316d   Thumb Code     0  printfa.o(i.__0printf)
    __c89printf                              0x0000316d   Thumb Code     0  printfa.o(i.__0printf)
    printf                                   0x0000316d   Thumb Code     0  printfa.o(i.__0printf)
    __ARM_clz                                0x0000318d   Thumb Code    46  depilogue.o(i.__ARM_clz)
    __scatterload_copy                       0x000031bb   Thumb Code    14  handlers.o(i.__scatterload_copy)
    __scatterload_null                       0x000031c9   Thumb Code     2  handlers.o(i.__scatterload_null)
    __scatterload_zeroinit                   0x000031cb   Thumb Code    14  handlers.o(i.__scatterload_zeroinit)
    colorsFull                               0x00003ab0   Data        2298  led_effect.o(.rodata.colorsFull)
    gau32ClkSrcTbl                           0x0000440c   Data          32  system_nuc1262.o(.rodata.gau32ClkSrcTbl)
    Region$$Table$$Base                      0x000044f0   Number         0  anon$$obj.o(Region$$Table)
    Region$$Table$$Limit                     0x00004510   Number         0  anon$$obj.o(Region$$Table)
    CyclesPerUs                              0x20000000   Data           4  system_nuc1262.o(.data.CyclesPerUs)
    DemoState                                0x20000004   Data           1  led_effect.o(.data.DemoState)
    PllClock                                 0x20000008   Data           4  system_nuc1262.o(.data.PllClock)
    SystemCoreClock                          0x2000000c   Data           4  system_nuc1262.o(.data.SystemCoreClock)
    Coloridx                                 0x20000018   Data           2  led_effect.o(.bss.Coloridx)
    LLSIDataBuffer                           0x2000001c   Data          72  led_effect.o(.bss.LLSIDataBuffer)
    __stdout                                 0x20000064   Data          84  retarget.o(.bss.__stdout)
    counter_tick                             0x200000bc   Data           4  main.o(.bss.counter_tick)
    __initial_sp                             0x200004d0   Data           0  startup_nuc1262.o(STACK)



==============================================================================

Memory Map of the image

  Image Entry point : 0x000000fd

  Load Region LR_1 (Base: 0x00000000, Size: 0x00004524, Max: 0xffffffff, ABSOLUTE)

    Execution Region ER_RO (Exec base: 0x00000000, Load base: 0x00000000, Size: 0x00004510, Max: 0xffffffff, ABSOLUTE)

    Exec Addr    Load Addr    Size         Type   Attr      Idx    E Section Name        Object

    0x00000000   0x00000000   0x000000e8   Data   RO           24    RESET               startup_nuc1262.o
    0x000000e8   0x000000e8   0x00000000   Code   RO          474  * .ARM.Collect$$$$00000000  mc_p.l(entry.o)
    0x000000e8   0x000000e8   0x00000004   Code   RO          503    .ARM.Collect$$$$00000001  mc_p.l(entry2.o)
    0x000000ec   0x000000ec   0x00000004   Code   RO          506    .ARM.Collect$$$$00000004  mc_p.l(entry5.o)
    0x000000f0   0x000000f0   0x00000000   Code   RO          508    .ARM.Collect$$$$00000008  mc_p.l(entry7b.o)
    0x000000f0   0x000000f0   0x00000000   Code   RO          510    .ARM.Collect$$$$0000000A  mc_p.l(entry8b.o)
    0x000000f0   0x000000f0   0x00000008   Code   RO          511    .ARM.Collect$$$$0000000B  mc_p.l(entry9a.o)
    0x000000f8   0x000000f8   0x00000000   Code   RO          513    .ARM.Collect$$$$0000000D  mc_p.l(entry10a.o)
    0x000000f8   0x000000f8   0x00000000   Code   RO          515    .ARM.Collect$$$$0000000F  mc_p.l(entry11a.o)
    0x000000f8   0x000000f8   0x00000004   Code   RO          504    .ARM.Collect$$$$00002712  mc_p.l(entry2.o)
    0x000000fc   0x000000fc   0x00000044   Code   RO           25  * .text               startup_nuc1262.o
    0x00000140   0x00000140   0x0000002c   Code   RO          517    .text               mc_p.l(uidiv.o)
    0x0000016c   0x0000016c   0x00000060   Code   RO          519    .text               mc_p.l(uldiv.o)
    0x000001cc   0x000001cc   0x00000000   Code   RO          521    .text               mc_p.l(iusefp.o)
    0x000001cc   0x000001cc   0x00000164   Code   RO          522    .text               mf_p.l(dadd.o)
    0x00000330   0x00000330   0x000000d0   Code   RO          524    .text               mf_p.l(dmul.o)
    0x00000400   0x00000400   0x000000f0   Code   RO          526    .text               mf_p.l(ddiv.o)
    0x000004f0   0x000004f0   0x00000040   Code   RO          528    .text               mf_p.l(dfixul.o)
    0x00000530   0x00000530   0x00000028   Code   RO          530    .text               mf_p.l(cdrcmple.o)
    0x00000558   0x00000558   0x00000024   Code   RO          532    .text               mc_p.l(init.o)
    0x0000057c   0x0000057c   0x00000020   Code   RO          534    .text               mc_p.l(llshl.o)
    0x0000059c   0x0000059c   0x00000022   Code   RO          536    .text               mc_p.l(llushr.o)
    0x000005be   0x000005be   0x00000026   Code   RO          538    .text               mc_p.l(llsshr.o)
    0x000005e4   0x000005e4   0x000000be   Code   RO          540    .text               mf_p.l(depilogue.o)
    0x000006a2   0x000006a2   0x00000002   PAD
    0x000006a4   0x000006a4   0x00000010   Code   RO          327    .text.CLK_DisablePLL  clk.o
    0x000006b4   0x000006b4   0x00000044   Code   RO          323    .text.CLK_EnableModuleClock  clk.o
    0x000006f8   0x000006f8   0x00000218   Code   RO          311    .text.CLK_EnablePLL  clk.o
    0x00000910   0x00000910   0x00000018   Code   RO          319    .text.CLK_EnableXtalRC  clk.o
    0x00000928   0x00000928   0x0000000c   Code   RO          305    .text.CLK_GetCPUFreq  clk.o
    0x00000934   0x00000934   0x0000000c   Code   RO          299    .text.CLK_GetHCLKFreq  clk.o
    0x00000940   0x00000940   0x00000020   Code   RO          295    .text.CLK_GetHXTFreq  clk.o
    0x00000960   0x00000960   0x00000028   Code   RO          297    .text.CLK_GetLXTFreq  clk.o
    0x00000988   0x00000988   0x0000002c   Code   RO          301    .text.CLK_GetPCLK0Freq  clk.o
    0x000009b4   0x000009b4   0x00000030   Code   RO          303    .text.CLK_GetPCLK1Freq  clk.o
    0x000009e4   0x000009e4   0x000000a0   Code   RO            4    .text.CLK_GetPLLClockFreq  system_nuc1262.o
    0x00000a84   0x00000a84   0x00000098   Code   RO          231    .text.CLK_GetPLLClockFreq  uart.o
    0x00000b1c   0x00000b1c   0x000000ac   Code   RO          329    .text.CLK_GetPLLClockFreq  clk.o
    0x00000bc8   0x00000bc8   0x000000c4   Code   RO          307    .text.CLK_SetCoreClock  clk.o
    0x00000c8c   0x00000c8c   0x0000007c   Code   RO          313    .text.CLK_SetHCLK   clk.o
    0x00000d08   0x00000d08   0x000000c8   Code   RO          315    .text.CLK_SetModuleClock  clk.o
    0x00000dd0   0x00000dd0   0x00000044   Code   RO          309    .text.CLK_WaitClockReady  clk.o
    0x00000e14   0x00000e14   0x00000024   Code   RO           56    .text.GPIO_Init     main.o
    0x00000e38   0x00000e38   0x0000005a   Code   RO          354    .text.GPIO_SetMode  gpio.o
    0x00000e92   0x00000e92   0x00000002   PAD
    0x00000e94   0x00000e94   0x00000068   Code   RO           54    .text.LLSI_Init     main.o
    0x00000efc   0x00000efc   0x00000238   Code   RO          444    .text.LLSI_Open     llsi.o
    0x00001134   0x00001134   0x00000060   Code   RO           52    .text.LLSI_PDMA_Transfer  main.o
    0x00001194   0x00001194   0x00000034   Code   RO           68    .text.NVIC_EnableIRQ  main.o
    0x000011c8   0x000011c8   0x0000003c   Code   RO          227    .text.NVIC_EnableIRQ  uart.o
    0x00001204   0x00001204   0x0000001c   Code   RO           74    .text.NVIC_SystemReset  main.o
    0x00001220   0x00001220   0x00000054   Code   RO          409    .text.PDMA_Open     pdma.o
    0x00001274   0x00001274   0x00000038   Code   RO          419    .text.PDMA_SetBurstType  pdma.o
    0x000012ac   0x000012ac   0x00000064   Code   RO          415    .text.PDMA_SetTransferAddr  pdma.o
    0x00001310   0x00001310   0x00000048   Code   RO          413    .text.PDMA_SetTransferCnt  pdma.o
    0x00001358   0x00001358   0x00000188   Code   RO          417    .text.PDMA_SetTransferMode  pdma.o
    0x000014e0   0x000014e0   0x00000054   Code   RO          178    .text.ProcessHardFault  retarget.o
    0x00001534   0x00001534   0x0000001c   Code   RO          180    .text.SH_Return     retarget.o
    0x00001550   0x00001550   0x000000b8   Code   RO           80    .text.SYS_Init      main.o
    0x00001608   0x00001608   0x00000008   Code   RO           84    .text.SYS_LockReg   main.o
    0x00001610   0x00001610   0x00000040   Code   RO          271    .text.SYS_ResetModule  sys.o
    0x00001650   0x00001650   0x00000024   Code   RO           82    .text.SYS_UnlockReg  main.o
    0x00001674   0x00001674   0x00000014   Code   RO          184    .text.SendChar      retarget.o
    0x00001688   0x00001688   0x00000050   Code   RO          182    .text.SendChar_ToUART  retarget.o
    0x000016d8   0x000016d8   0x00000260   Code   RO          147    .text.StateMachine  led_effect.o
    0x00001938   0x00001938   0x00000078   Code   RO            2    .text.SystemCoreClockUpdate  system_nuc1262.o
    0x000019b0   0x000019b0   0x00000002   Code   RO            6    .text.SystemInit    system_nuc1262.o
    0x000019b2   0x000019b2   0x00000002   PAD
    0x000019b4   0x000019b4   0x00000030   Code   RO           64    .text.TIMER1_Init   main.o
    0x000019e4   0x000019e4   0x00000012   Code   RO           62    .text.TIMER_ClearIntFlag  main.o
    0x000019f6   0x000019f6   0x00000002   PAD
    0x000019f8   0x000019f8   0x00000170   Code   RO          380    .text.TIMER_Delay   timer.o
    0x00001b68   0x00001b68   0x00000018   Code   RO           66    .text.TIMER_EnableInt  main.o
    0x00001b80   0x00001b80   0x00000014   Code   RO           60    .text.TIMER_GetIntFlag  main.o
    0x00001b94   0x00001b94   0x000000a0   Code   RO          376    .text.TIMER_GetModuleClock  timer.o
    0x00001c34   0x00001c34   0x000000b8   Code   RO          374    .text.TIMER_Open    timer.o
    0x00001cec   0x00001cec   0x00000018   Code   RO           70    .text.TIMER_Start   main.o
    0x00001d04   0x00001d04   0x0000005c   Code   RO           58    .text.TMR1_IRQHandler  main.o
    0x00001d60   0x00001d60   0x0000005c   Code   RO           76    .text.UART0_IRQHandler  main.o
    0x00001dbc   0x00001dbc   0x000000b0   Code   RO           78    .text.UART0_Init    main.o
    0x00001e6c   0x00001e6c   0x0000006c   Code   RO          213    .text.UART_ClearIntFlag  uart.o
    0x00001ed8   0x00001ed8   0x00000044   Code   RO          225    .text.UART_EnableInt  uart.o
    0x00001f1c   0x00001f1c   0x00000154   Code   RO          229    .text.UART_Open     uart.o
    0x00002070   0x00002070   0x0000010c   Code   RO           72    .text.UARTx_Process  main.o
    0x0000217c   0x0000217c   0x0000010c   Code   RO          111    .text._stripEffect_Rainbow  led_effect.o
    0x00002288   0x00002288   0x000000c8   Code   RO          113    .text._stripEffect_Wheel  led_effect.o
    0x00002350   0x00002350   0x00000024   Code   RO           50    .text.delay_ms      main.o
    0x00002374   0x00002374   0x0000001c   Code   RO          194    .text.fputc         retarget.o
    0x00002390   0x00002390   0x00000084   Code   RO          121    .text.getAllColors  led_effect.o
    0x00002414   0x00002414   0x00000142   Code   RO          129    .text.getAlternateColors  led_effect.o
    0x00002556   0x00002556   0x00000078   Code   RO          117    .text.getCircularRing  led_effect.o
    0x000025ce   0x000025ce   0x00000002   PAD
    0x000025d0   0x000025d0   0x000000b0   Code   RO          123    .text.getColorWheel  led_effect.o
    0x00002680   0x00002680   0x000000e2   Code   RO          115    .text.getFromAToB   led_effect.o
    0x00002762   0x00002762   0x000000b4   Code   RO          127    .text.getFullEmpty  led_effect.o
    0x00002816   0x00002816   0x000001f8   Code   RO          119    .text.getHeartBeat  led_effect.o
    0x00002a0e   0x00002a0e   0x000000c0   Code   RO          125    .text.getPatternMove  led_effect.o
    0x00002ace   0x00002ace   0x00000002   PAD
    0x00002ad0   0x00002ad0   0x000000e8   Code   RO          131    .text.getRGBSequence  led_effect.o
    0x00002bb8   0x00002bb8   0x0000006a   Code   RO          139    .text.getRainbow    led_effect.o
    0x00002c22   0x00002c22   0x000000ba   Code   RO          137    .text.getRainbowCycle  led_effect.o
    0x00002cdc   0x00002cdc   0x00000106   Code   RO          135    .text.getTheaterChase  led_effect.o
    0x00002de2   0x00002de2   0x0000010c   Code   RO          133    .text.getTheaterChaseRainbow  led_effect.o
    0x00002eee   0x00002eee   0x00000002   PAD
    0x00002ef0   0x00002ef0   0x00000008   Code   RO           34    .text.get_tick      main.o
    0x00002ef8   0x00002ef8   0x00000008   Code   RO          149    .text.led_effect    led_effect.o
    0x00002f00   0x00002f00   0x00000030   Code   RO           86    .text.main          main.o
    0x00002f30   0x00002f30   0x00000028   Code   RO          103    .text.setLED_BufferClear  led_effect.o
    0x00002f58   0x00002f58   0x00000124   Code   RO          105    .text.setLED_ColorArrange  led_effect.o
    0x0000307c   0x0000307c   0x00000064   Code   RO          109    .text.setLED_ColorIdxChange  led_effect.o
    0x000030e0   0x000030e0   0x00000058   Code   RO          107    .text.setLED_ColorWipe  led_effect.o
    0x00003138   0x00003138   0x00000024   Code   RO          101    .text.setLED_Display  led_effect.o
    0x0000315c   0x0000315c   0x00000010   Code   RO           32    .text.tick_counter  main.o
    0x0000316c   0x0000316c   0x00000020   Code   RO          476    i.__0printf         mc_p.l(printfa.o)
    0x0000318c   0x0000318c   0x0000002e   Code   RO          542    i.__ARM_clz         mf_p.l(depilogue.o)
    0x000031ba   0x000031ba   0x0000000e   Code   RO          546    i.__scatterload_copy  mc_p.l(handlers.o)
    0x000031c8   0x000031c8   0x00000002   Code   RO          547    i.__scatterload_null  mc_p.l(handlers.o)
    0x000031ca   0x000031ca   0x0000000e   Code   RO          548    i.__scatterload_zeroinit  mc_p.l(handlers.o)
    0x000031d8   0x000031d8   0x00000174   Code   RO          483    i._fp_digits        mc_p.l(printfa.o)
    0x0000334c   0x0000334c   0x000006ec   Code   RO          484    i._printf_core      mc_p.l(printfa.o)
    0x00003a38   0x00003a38   0x00000020   Code   RO          485    i._printf_post_padding  mc_p.l(printfa.o)
    0x00003a58   0x00003a58   0x0000002c   Code   RO          486    i._printf_pre_padding  mc_p.l(printfa.o)
    0x00003a84   0x00003a84   0x0000000c   Data   RO          341    .rodata..LCLK_EnableModuleClock.u32ClkTbl  clk.o
    0x00003a90   0x00003a90   0x00000020   Data   RO          398    .rodata.TIMER_GetModuleClock.au32Clk  timer.o
    0x00003ab0   0x00003ab0   0x000008fa   Data   RO          155    .rodata.colorsFull  led_effect.o
    0x000043aa   0x000043aa   0x00000002   PAD
    0x000043ac   0x000043ac   0x00000030   Data   RO          245    .rodata.cst16       uart.o
    0x000043dc   0x000043dc   0x00000020   Data   RO          339    .rodata.cst16       clk.o
    0x000043fc   0x000043fc   0x00000010   Data   RO          340    .rodata.cst8        clk.o
    0x0000440c   0x0000440c   0x00000020   Data   RO           11    .rodata.gau32ClkSrcTbl  system_nuc1262.o
    0x0000442c   0x0000442c   0x000000b5   Data   RO           90    .rodata.str1.1      main.o
    0x000044e1   0x000044e1   0x0000000f   Data   RO          200    .rodata.str1.1      retarget.o
    0x000044f0   0x000044f0   0x00000020   Data   RO          544    Region$$Table       anon$$obj.o


    Execution Region ER_RW (Exec base: 0x20000000, Load base: 0x00004510, Size: 0x00000014, Max: 0xffffffff, ABSOLUTE)

    Exec Addr    Load Addr    Size         Type   Attr      Idx    E Section Name        Object

    0x20000000   0x00004510   0x00000004   Data   RW            9    .data.CyclesPerUs   system_nuc1262.o
    0x20000004   0x00004514   0x00000001   Data   RW          153    .data.DemoState     led_effect.o
    0x20000005   0x00004515   0x00000003   PAD
    0x20000008   0x00004518   0x00000004   Data   RW           10    .data.PllClock      system_nuc1262.o
    0x2000000c   0x0000451c   0x00000004   Data   RW            8    .data.SystemCoreClock  system_nuc1262.o
    0x20000010   0x00004520   0x00000001   Data   RW          157    .data._stripEffect_Rainbow.Red  led_effect.o
    0x20000011   0x00004521   0x00000001   Data   RW          156    .data.setLED_ColorIdxChange.flag  led_effect.o


    Execution Region ER_ZI (Exec base: 0x20000018, Load base: 0x00004524, Size: 0x000004b8, Max: 0xffffffff, ABSOLUTE)

    Exec Addr    Load Addr    Size         Type   Attr      Idx    E Section Name        Object

    0x20000018        -       0x00000002   Zero   RW          154    .bss.Coloridx       led_effect.o
    0x2000001a   0x00004524   0x00000002   PAD
    0x2000001c        -       0x00000048   Zero   RW          152    .bss.LLSIDataBuffer  led_effect.o
    0x20000064        -       0x00000054   Zero   RW          201    .bss.__stdout       retarget.o
    0x200000b8        -       0x00000001   Zero   RW          159    .bss._stripEffect_Rainbow.Blue  led_effect.o
    0x200000b9        -       0x00000001   Zero   RW          158    .bss._stripEffect_Rainbow.Green  led_effect.o
    0x200000ba        -       0x00000001   Zero   RW          160    .bss._stripEffect_Rainbow.State  led_effect.o
    0x200000bb   0x00004524   0x00000001   PAD
    0x200000bc        -       0x00000004   Zero   RW           89    .bss.counter_tick   main.o
    0x200000c0        -       0x00000001   Zero   RW          161    .bss.getRGBSequence.intensity  led_effect.o
    0x200000c1        -       0x00000001   Zero   RW          162    .bss.getRGBSequence.sign  led_effect.o
    0x200000c2        -       0x0000000a   Zero   RW          433    .bss.u32ChSelect    pdma.o
    0x200000cc   0x00004524   0x00000004   PAD
    0x200000d0        -       0x00000400   Zero   RW           22    STACK               startup_nuc1262.o


==============================================================================

Image component sizes


      Code (inc. data)   RO Data    RW Data    ZI Data      Debug   Object Name

      1592        136         60          0          0       7777   clk.o
        90          0          0          0          0       2150   gpio.o
      4546         64       2298          3         79       9616   led_effect.o
       568          8          0          0          0       5297   llsi.o
      1414        140        181          0          4       9299   main.o
       704         48          0          0         10       4516   pdma.o
       240         12         15          0         84       3210   retarget.o
        68         18        232          0       1024        852   startup_nuc1262.o
        64          8          0          0          0       2926   sys.o
       282         32         32         12          0       2507   system_nuc1262.o
       712         44         32          0          0       4521   timer.o
       728         32         48          0          0       7410   uart.o

    ----------------------------------------------------------------------
     11020        542       2932         20       1208      60081   Object Totals
         0          0         32          0          0          0   (incl. Generated)
        12          0          2          5          7          0   (incl. Padding)

    ----------------------------------------------------------------------

      Code (inc. data)   RO Data    RW Data    ZI Data      Debug   Library Member Name

         0          0          0          0          0          0   entry.o
         0          0          0          0          0          0   entry10a.o
         0          0          0          0          0          0   entry11a.o
         8          4          0          0          0          0   entry2.o
         4          0          0          0          0          0   entry5.o
         0          0          0          0          0          0   entry7b.o
         0          0          0          0          0          0   entry8b.o
         8          4          0          0          0          0   entry9a.o
        30          0          0          0          0          0   handlers.o
        36          8          0          0          0         68   init.o
         0          0          0          0          0          0   iusefp.o
        32          0          0          0          0         68   llshl.o
        38          0          0          0          0         68   llsshr.o
        34          0          0          0          0         68   llushr.o
      2252         98          0          0          0        412   printfa.o
        44          0          0          0          0         72   uidiv.o
        96          0          0          0          0         84   uldiv.o
        40          2          0          0          0         68   cdrcmple.o
       356          4          0          0          0        140   dadd.o
       240          6          0          0          0         84   ddiv.o
       236          0          0          0          0        216   depilogue.o
        64         10          0          0          0         68   dfixul.o
       208          6          0          0          0         88   dmul.o

    ----------------------------------------------------------------------
      3728        142          0          0          0       1504   Library Totals
         2          0          0          0          0          0   (incl. Padding)

    ----------------------------------------------------------------------

      Code (inc. data)   RO Data    RW Data    ZI Data      Debug   Library Name

      2582        114          0          0          0        840   mc_p.l
      1144         28          0          0          0        664   mf_p.l

    ----------------------------------------------------------------------
      3728        142          0          0          0       1504   Library Totals

    ----------------------------------------------------------------------

==============================================================================


      Code (inc. data)   RO Data    RW Data    ZI Data      Debug   

     14748        684       2932         20       1208      60865   Grand Totals
     14748        684       2932         20       1208      60865   ELF Image Totals
     14748        684       2932         20          0          0   ROM Totals

==============================================================================

    Total RO  Size (Code + RO Data)                17680 (  17.27kB)
    Total RW  Size (RW Data + ZI Data)              1228 (   1.20kB)
    Total ROM Size (Code + RO Data + RW Data)      17700 (  17.29kB)

==============================================================================

